Component: ARM Compiler 5.06 update 1 (build 61) Tool: armlink [4d35a8]

==============================================================================

Section Cross References

    main.o(i.main) refers to misc.o(i.NVIC_PriorityGroupConfig) for NVIC_PriorityGroupConfig
    main.o(i.main) refers to delay.o(i.delay_init) for delay_init
    main.o(i.main) refers to usart.o(i.uart_init) for uart_init
    main.o(i.main) refers to lcd.o(i.LCD_Init) for LCD_Init
    main.o(i.main) refers to tasks.o(i.xTaskCreate) for xTaskCreate
    main.o(i.main) refers to tasks.o(i.vTaskStartScheduler) for vTaskStartScheduler
    main.o(i.main) refers to main.o(.data) for .data
    main.o(i.main) refers to main.o(i.start_task) for start_task
    main.o(i.start_task) refers to car.o(i.car_init) for car_init
    main.o(i.start_task) refers to dis.o(i.dis_init) for dis_init
    main.o(i.start_task) refers to lcd_show.o(i.lcd_show_init) for lcd_show_init
    main.o(i.start_task) refers to tasks.o(i.vTaskDelay) for vTaskDelay
    system_stm32f10x.o(i.SystemCoreClockUpdate) refers to system_stm32f10x.o(.data) for .data
    system_stm32f10x.o(i.SystemInit) refers to system_stm32f10x.o(i.SetSysClockTo72) for SetSysClockTo72
    led.o(i.LED_Init) refers to stm32f10x_rcc.o(i.RCC_APB2PeriphClockCmd) for RCC_APB2PeriphClockCmd
    led.o(i.LED_Init) refers to stm32f10x_gpio.o(i.GPIO_Init) for GPIO_Init
    led.o(i.LED_Init) refers to stm32f10x_gpio.o(i.GPIO_SetBits) for GPIO_SetBits
    timer.o(i.ConfigureTimeForRunTimeStats) refers to timer.o(i.TIM3_Int_Init) for TIM3_Int_Init
    timer.o(i.ConfigureTimeForRunTimeStats) refers to timer.o(.data) for .data
    timer.o(i.TIM3_IRQHandler) refers to stm32f10x_tim.o(i.TIM_GetITStatus) for TIM_GetITStatus
    timer.o(i.TIM3_IRQHandler) refers to stm32f10x_tim.o(i.TIM_ClearITPendingBit) for TIM_ClearITPendingBit
    timer.o(i.TIM3_IRQHandler) refers to timer.o(.data) for .data
    timer.o(i.TIM3_Int_Init) refers to stm32f10x_rcc.o(i.RCC_APB1PeriphClockCmd) for RCC_APB1PeriphClockCmd
    timer.o(i.TIM3_Int_Init) refers to stm32f10x_tim.o(i.TIM_TimeBaseInit) for TIM_TimeBaseInit
    timer.o(i.TIM3_Int_Init) refers to stm32f10x_tim.o(i.TIM_ITConfig) for TIM_ITConfig
    timer.o(i.TIM3_Int_Init) refers to misc.o(i.NVIC_Init) for NVIC_Init
    timer.o(i.TIM3_Int_Init) refers to stm32f10x_tim.o(i.TIM_Cmd) for TIM_Cmd
    lcd.o(i.LCD_Clear) refers to lcd.o(i.LCD_SetCursor) for LCD_SetCursor
    lcd.o(i.LCD_Clear) refers to lcd.o(i.LCD_WriteRAM_Prepare) for LCD_WriteRAM_Prepare
    lcd.o(i.LCD_Clear) refers to lcd.o(.bss) for .bss
    lcd.o(i.LCD_Color_Fill) refers to lcd.o(i.LCD_SetCursor) for LCD_SetCursor
    lcd.o(i.LCD_Color_Fill) refers to lcd.o(i.LCD_WriteRAM_Prepare) for LCD_WriteRAM_Prepare
    lcd.o(i.LCD_DisplayOff) refers to lcd.o(i.LCD_WriteReg) for LCD_WriteReg
    lcd.o(i.LCD_DisplayOff) refers to lcd.o(.bss) for .bss
    lcd.o(i.LCD_DisplayOn) refers to lcd.o(i.LCD_WriteReg) for LCD_WriteReg
    lcd.o(i.LCD_DisplayOn) refers to lcd.o(.bss) for .bss
    lcd.o(i.LCD_Display_Dir) refers to lcd.o(i.LCD_Scan_Dir) for LCD_Scan_Dir
    lcd.o(i.LCD_Display_Dir) refers to lcd.o(.bss) for .bss
    lcd.o(i.LCD_DrawLine) refers to lcd.o(i.LCD_DrawPoint) for LCD_DrawPoint
    lcd.o(i.LCD_DrawPoint) refers to lcd.o(i.LCD_SetCursor) for LCD_SetCursor
    lcd.o(i.LCD_DrawPoint) refers to lcd.o(i.LCD_WriteRAM_Prepare) for LCD_WriteRAM_Prepare
    lcd.o(i.LCD_DrawPoint) refers to lcd.o(.data) for .data
    lcd.o(i.LCD_DrawRectangle) refers to lcd.o(i.LCD_DrawLine) for LCD_DrawLine
    lcd.o(i.LCD_Draw_Circle) refers to lcd.o(i.LCD_DrawPoint) for LCD_DrawPoint
    lcd.o(i.LCD_Fast_DrawPoint) refers to lcd.o(i.LCD_WriteReg) for LCD_WriteReg
    lcd.o(i.LCD_Fast_DrawPoint) refers to lcd.o(.bss) for .bss
    lcd.o(i.LCD_Fill) refers to lcd.o(i.LCD_SetCursor) for LCD_SetCursor
    lcd.o(i.LCD_Fill) refers to lcd.o(i.LCD_WriteRAM_Prepare) for LCD_WriteRAM_Prepare
    lcd.o(i.LCD_Fill) refers to lcd.o(.bss) for .bss
    lcd.o(i.LCD_Init) refers to _printf_percent.o(.ARM.Collect$$_printf_percent$$00000000) for _printf_percent
    lcd.o(i.LCD_Init) refers to _printf_x.o(.ARM.Collect$$_printf_percent$$0000000C) for _printf_x
    lcd.o(i.LCD_Init) refers to _printf_hex_int_ll_ptr.o(.text) for _printf_longlong_hex
    lcd.o(i.LCD_Init) refers to stm32f10x_rcc.o(i.RCC_AHBPeriphClockCmd) for RCC_AHBPeriphClockCmd
    lcd.o(i.LCD_Init) refers to stm32f10x_rcc.o(i.RCC_APB2PeriphClockCmd) for RCC_APB2PeriphClockCmd
    lcd.o(i.LCD_Init) refers to stm32f10x_gpio.o(i.GPIO_Init) for GPIO_Init
    lcd.o(i.LCD_Init) refers to stm32f10x_fsmc.o(i.FSMC_NORSRAMInit) for FSMC_NORSRAMInit
    lcd.o(i.LCD_Init) refers to stm32f10x_fsmc.o(i.FSMC_NORSRAMCmd) for FSMC_NORSRAMCmd
    lcd.o(i.LCD_Init) refers to delay.o(i.delay_ms) for delay_ms
    lcd.o(i.LCD_Init) refers to lcd.o(i.LCD_ReadReg) for LCD_ReadReg
    lcd.o(i.LCD_Init) refers to lcd.o(i.LCD_RD_DATA) for LCD_RD_DATA
[...]
    prvAddNewTaskToReadyList                 0x080051fd   Thumb Code   192  tasks.o(i.prvAddNewTaskToReadyList)
    i.prvCheckForValidListAndQueue           0x080052cc   Section        0  timers.o(i.prvCheckForValidListAndQueue)
    prvCheckForValidListAndQueue             0x080052cd   Thumb Code    62  timers.o(i.prvCheckForValidListAndQueue)
    i.prvCheckTasksWaitingTermination        0x0800531c   Section        0  tasks.o(i.prvCheckTasksWaitingTermination)
    prvCheckTasksWaitingTermination          0x0800531d   Thumb Code    74  tasks.o(i.prvCheckTasksWaitingTermination)
    i.prvCopyDataFromQueue                   0x08005370   Section        0  queue.o(i.prvCopyDataFromQueue)
    prvCopyDataFromQueue                     0x08005371   Thumb Code    38  queue.o(i.prvCopyDataFromQueue)
    i.prvCopyDataToQueue                     0x08005396   Section        0  queue.o(i.prvCopyDataToQueue)
    prvCopyDataToQueue                       0x08005397   Thumb Code   108  queue.o(i.prvCopyDataToQueue)
    i.prvDeleteTCB                           0x08005402   Section        0  tasks.o(i.prvDeleteTCB)
    prvDeleteTCB                             0x08005403   Thumb Code    20  tasks.o(i.prvDeleteTCB)
    i.prvHeapInit                            0x08005418   Section        0  heap_4.o(i.prvHeapInit)
    prvHeapInit                              0x08005419   Thumb Code    66  heap_4.o(i.prvHeapInit)
    i.prvIdleTask                            0x08005464   Section        0  tasks.o(i.prvIdleTask)
    prvIdleTask                              0x08005465   Thumb Code    30  tasks.o(i.prvIdleTask)
    i.prvInitialiseNewTask                   0x0800548c   Section        0  tasks.o(i.prvInitialiseNewTask)
    prvInitialiseNewTask                     0x0800548d   Thumb Code   156  tasks.o(i.prvInitialiseNewTask)
    i.prvInsertBlockIntoFreeList             0x0800554c   Section        0  heap_4.o(i.prvInsertBlockIntoFreeList)
    prvInsertBlockIntoFreeList               0x0800554d   Thumb Code    72  heap_4.o(i.prvInsertBlockIntoFreeList)
    i.prvInsertTimerInActiveList             0x08005598   Section        0  timers.o(i.prvInsertTimerInActiveList)
    prvInsertTimerInActiveList               0x08005599   Thumb Code    52  timers.o(i.prvInsertTimerInActiveList)
    i.prvIsQueueEmpty                        0x080055d0   Section        0  queue.o(i.prvIsQueueEmpty)
    prvIsQueueEmpty                          0x080055d1   Thumb Code    26  queue.o(i.prvIsQueueEmpty)
    i.prvNotifyQueueSetContainer             0x080055ec   Section        0  queue.o(i.prvNotifyQueueSetContainer)
    prvNotifyQueueSetContainer               0x080055ed   Thumb Code   108  queue.o(i.prvNotifyQueueSetContainer)
    i.prvProcessExpiredTimer                 0x0800567c   Section        0  timers.o(i.prvProcessExpiredTimer)
    prvProcessExpiredTimer                   0x0800567d   Thumb Code    86  timers.o(i.prvProcessExpiredTimer)
    i.prvProcessReceivedCommands             0x080056dc   Section        0  timers.o(i.prvProcessReceivedCommands)
    prvProcessReceivedCommands               0x080056dd   Thumb Code   196  timers.o(i.prvProcessReceivedCommands)
    i.prvProcessTimerOrBlockTask             0x080057cc   Section        0  timers.o(i.prvProcessTimerOrBlockTask)
    prvProcessTimerOrBlockTask               0x080057cd   Thumb Code    98  timers.o(i.prvProcessTimerOrBlockTask)
    i.prvResetNextTaskUnblockTime            0x08005838   Section        0  tasks.o(i.prvResetNextTaskUnblockTime)
    prvResetNextTaskUnblockTime              0x08005839   Thumb Code    26  tasks.o(i.prvResetNextTaskUnblockTime)
    i.prvSampleTimeNow                       0x08005858   Section        0  timers.o(i.prvSampleTimeNow)
    prvSampleTimeNow                         0x08005859   Thumb Code    36  timers.o(i.prvSampleTimeNow)
    i.prvSwitchTimerLists                    0x08005880   Section        0  timers.o(i.prvSwitchTimerLists)
    prvSwitchTimerLists                      0x08005881   Thumb Code   100  timers.o(i.prvSwitchTimerLists)
    i.prvTaskExitError                       0x080058ec   Section        0  port.o(i.prvTaskExitError)
    prvTaskExitError                         0x080058ed   Thumb Code    34  port.o(i.prvTaskExitError)
    i.prvTimerTask                           0x08005950   Section        0  timers.o(i.prvTimerTask)
    prvTimerTask                             0x08005951   Thumb Code    34  timers.o(i.prvTimerTask)
    i.prvUnlockQueue                         0x08005978   Section        0  queue.o(i.prvUnlockQueue)
    prvUnlockQueue                           0x08005979   Thumb Code   120  queue.o(i.prvUnlockQueue)
    i.pvPortMalloc                           0x080059f0   Section        0  heap_4.o(i.pvPortMalloc)
    i.pvTaskIncrementMutexHeldCount          0x08005b04   Section        0  tasks.o(i.pvTaskIncrementMutexHeldCount)
    i.pxPortInitialiseStack                  0x08005b1c   Section        0  port.o(i.pxPortInitialiseStack)
    i.start_task                             0x08005b40   Section        0  main.o(i.start_task)
    i.uart_init                              0x08005b58   Section        0  usart.o(i.uart_init)
    i.uxListRemove                           0x08005bfc   Section        0  list.o(i.uxListRemove)
    i.vListInitialise                        0x08005c20   Section        0  list.o(i.vListInitialise)
    i.vListInitialiseItem                    0x08005c36   Section        0  list.o(i.vListInitialiseItem)
    i.vListInsert                            0x08005c3c   Section        0  list.o(i.vListInsert)
    i.vListInsertEnd                         0x08005c6c   Section        0  list.o(i.vListInsertEnd)
    i.vPortEnterCritical                     0x08005c84   Section        0  port.o(i.vPortEnterCritical)
    i.vPortExitCritical                      0x08005cfc   Section        0  port.o(i.vPortExitCritical)
    i.vPortFree                              0x08005d60   Section        0  heap_4.o(i.vPortFree)
    i.vPortSetupTimerInterrupt               0x08005dfc   Section        0  port.o(i.vPortSetupTimerInterrupt)
    i.vPortValidateInterruptPriority         0x08005e1c   Section        0  port.o(i.vPortValidateInterruptPriority)
    i.vQueueAddToRegistry                    0x08005ea8   Section        0  queue.o(i.vQueueAddToRegistry)
    i.vQueueWaitForMessageRestricted         0x08005ecc   Section        0  queue.o(i.vQueueWaitForMessageRestricted)
    i.vTaskDelay                             0x08005f10   Section        0  tasks.o(i.vTaskDelay)
    i.vTaskMissedYield                       0x08005f7c   Section        0  tasks.o(i.vTaskMissedYield)
    i.vTaskPlaceOnEventList                  0x08005f88   Section        0  tasks.o(i.vTaskPlaceOnEventList)
    i.vTaskPlaceOnEventListRestricted        0x08005fdc   Section        0  tasks.o(i.vTaskPlaceOnEventListRestricted)
    i.vTaskPriorityInherit                   0x08006038   Section        0  tasks.o(i.vTaskPriorityInherit)
    i.vTaskSetTimeOutState                   0x080060bc   Section        0  tasks.o(i.vTaskSetTimeOutState)
    i.vTaskStartScheduler                    0x08006104   Section        0  tasks.o(i.vTaskStartScheduler)
    i.vTaskSuspendAll                        0x0800619c   Section        0  tasks.o(i.vTaskSuspendAll)
    i.vTaskSwitchContext                     0x080061ac   Section        0  tasks.o(i.vTaskSwitchContext)
    i.xPortStartScheduler                    0x08006248   Section        0  port.o(i.xPortStartScheduler)
    i.xPortSysTickHandler                    0x080062c0   Section        0  port.o(i.xPortSysTickHandler)
    i.xQueueGenericCreate                    0x080062ec   Section        0  queue.o(i.xQueueGenericCreate)
    i.xQueueGenericReceive                   0x08006364   Section        0  queue.o(i.xQueueGenericReceive)
    i.xQueueGenericReset                     0x080064e8   Section        0  queue.o(i.xQueueGenericReset)
    i.xQueueGenericSend                      0x08006590   Section        0  queue.o(i.xQueueGenericSend)
    i.xQueueGenericSendFromISR               0x08006718   Section        0  queue.o(i.xQueueGenericSendFromISR)
    i.xTaskCheckForTimeOut                   0x080067f8   Section        0  tasks.o(i.xTaskCheckForTimeOut)
    i.xTaskCreate                            0x08006880   Section        0  tasks.o(i.xTaskCreate)
    i.xTaskGetSchedulerState                 0x080068d8   Section        0  tasks.o(i.xTaskGetSchedulerState)
    i.xTaskGetTickCount                      0x080068f4   Section        0  tasks.o(i.xTaskGetTickCount)
    i.xTaskIncrementTick                     0x08006900   Section        0  tasks.o(i.xTaskIncrementTick)
    i.xTaskPriorityDisinherit                0x080069e8   Section        0  tasks.o(i.xTaskPriorityDisinherit)
    i.xTaskRemoveFromEventList               0x08006a9c   Section        0  tasks.o(i.xTaskRemoveFromEventList)
    i.xTaskResumeAll                         0x08006b34   Section        0  tasks.o(i.xTaskResumeAll)
    i.xTimerCreate                           0x08006c18   Section        0  timers.o(i.xTimerCreate)
    i.xTimerCreateTimerTask                  0x08006c8c   Section        0  timers.o(i.xTimerCreateTimerTask)
    i.xTimerGenericCommand                   0x08006d00   Section        0  timers.o(i.xTimerGenericCommand)
    x$fpl$ddiv                               0x08006d90   Section      688  ddiv.o(x$fpl$ddiv)
    ddiv_entry                               0x08006d97   Thumb Code     0  ddiv.o(x$fpl$ddiv)
    x$fpl$dfixu                              0x08007040   Section       90  dfixu.o(x$fpl$dfixu)
    x$fpl$dfltu                              0x0800709a   Section       38  dflt_clz.o(x$fpl$dfltu)
    x$fpl$dmul                               0x080070c0   Section      340  dmul.o(x$fpl$dmul)
    x$fpl$dnaninf                            0x08007214   Section      156  dnaninf.o(x$fpl$dnaninf)
    x$fpl$dretinf                            0x080072b0   Section       12  dretinf.o(x$fpl$dretinf)
    .constdata                               0x080072bc   Section     6080  lcd.o(.constdata)
    x$fpl$usenofp                            0x080072bc   Section        0  usenofp.o(x$fpl$usenofp)
    .constdata                               0x08008a7c   Section       40  _printf_hex_int_ll_ptr.o(.constdata)
    uc_hextab                                0x08008a7c   Data          20  _printf_hex_int_ll_ptr.o(.constdata)
    lc_hextab                                0x08008a90   Data          20  _printf_hex_int_ll_ptr.o(.constdata)
    .constdata                               0x08008aa4   Section       17  __printf_flags_ss_wp.o(.constdata)
    maptable                                 0x08008aa4   Data          17  __printf_flags_ss_wp.o(.constdata)
    .data                                    0x20000000   Section        4  main.o(.data)
    .data                                    0x20000004   Section       20  system_stm32f10x.o(.data)
    .data                                    0x20000018   Section        8  timer.o(.data)
    .data                                    0x20000020   Section        4  lcd.o(.data)
    .data                                    0x20000024   Section       24  car.o(.data)
    car_op                                   0x20000028   Data          20  car.o(.data)
    .data                                    0x2000003c   Section        4  dis.o(.data)
    .data                                    0x20000040   Section        4  delay.o(.data)
    fac_us                                   0x20000040   Data           1  delay.o(.data)
    fac_ms                                   0x20000042   Data           2  delay.o(.data)
    .data                                    0x20000044   Section        2  usart.o(.data)
    .data                                    0x20000048   Section        4  usart.o(.data)
    .data                                    0x2000004c   Section        2  usart3.o(.data)
    .data                                    0x2000004e   Section       20  stm32f10x_rcc.o(.data)
    ADCPrescTable                            0x2000004e   Data           4  stm32f10x_rcc.o(.data)
    APBAHBPrescTable                         0x20000052   Data          16  stm32f10x_rcc.o(.data)
    .data                                    0x20000064   Section       68  tasks.o(.data)
    uxDeletedTasksWaitingCleanUp             0x20000068   Data           4  tasks.o(.data)
    uxCurrentNumberOfTasks                   0x2000006c   Data           4  tasks.o(.data)
    xTickCount                               0x20000070   Data           4  tasks.o(.data)
    uxTopReadyPriority                       0x20000074   Data           4  tasks.o(.data)
    xSchedulerRunning                        0x20000078   Data           4  tasks.o(.data)
    uxPendedTicks                            0x2000007c   Data           4  tasks.o(.data)
    xYieldPending                            0x20000080   Data           4  tasks.o(.data)
    xNumOfOverflows                          0x20000084   Data           4  tasks.o(.data)
    uxTaskNumber                             0x20000088   Data           4  tasks.o(.data)
    xNextTaskUnblockTime                     0x2000008c   Data           4  tasks.o(.data)
    xIdleTaskHandle                          0x20000090   Data           4  tasks.o(.data)
    uxSchedulerSuspended                     0x20000094   Data           4  tasks.o(.data)
    ulTaskSwitchedInTime                     0x20000098   Data           4  tasks.o(.data)
    ulTotalRunTime                           0x2000009c   Data           4  tasks.o(.data)
    pxDelayedTaskList                        0x200000a0   Data           4  tasks.o(.data)
    pxOverflowDelayedTaskList                0x200000a4   Data           4  tasks.o(.data)
    .data                                    0x200000a8   Section       20  timers.o(.data)
    xTimerQueue                              0x200000a8   Data           4  timers.o(.data)
    xTimerTaskHandle                         0x200000ac   Data           4  timers.o(.data)
    xLastTime                                0x200000b0   Data           4  timers.o(.data)
    pxCurrentTimerList                       0x200000b4   Data           4  timers.o(.data)
    pxOverflowTimerList                      0x200000b8   Data           4  timers.o(.data)
    .data                                    0x200000bc   Section       24  heap_4.o(.data)
    pxEnd                                    0x200000bc   Data           4  heap_4.o(.data)
    xFreeBytesRemaining                      0x200000c0   Data           4  heap_4.o(.data)
    xMinimumEverFreeBytesRemaining           0x200000c4   Data           4  heap_4.o(.data)
    xBlockAllocatedBit                       0x200000c8   Data           4  heap_4.o(.data)
    xStart                                   0x200000cc   Data           8  heap_4.o(.data)
    .data                                    0x200000d4   Section       12  port.o(.data)
    ucMaxSysCallPriority                     0x200000d4   Data           1  port.o(.data)
    uxCriticalNesting                        0x200000d8   Data           4  port.o(.data)
    ulMaxPRIGROUPValue                       0x200000dc   Data           4  port.o(.data)
    .bss                                     0x200000e0   Section       14  lcd.o(.bss)
    .bss                                     0x200000ee   Section      200  usart.o(.bss)
    .bss                                     0x200001b6   Section     1200  usart3.o(.bss)
    .bss                                     0x20000668   Section       64  queue.o(.bss)
    .bss                                     0x200006a8   Section      740  tasks.o(.bss)
    pxReadyTasksLists                        0x200006a8   Data         640  tasks.o(.bss)
    xDelayedTaskList1                        0x20000928   Data          20  tasks.o(.bss)
    xDelayedTaskList2                        0x2000093c   Data          20  tasks.o(.bss)
    xPendingReadyList                        0x20000950   Data          20  tasks.o(.bss)
    xTasksWaitingTermination                 0x20000964   Data          20  tasks.o(.bss)
    xSuspendedTaskList                       0x20000978   Data          20  tasks.o(.bss)
    .bss                                     0x2000098c   Section       40  timers.o(.bss)
    xActiveTimerList1                        0x2000098c   Data          20  timers.o(.bss)
    xActiveTimerList2                        0x200009a0   Data          20  timers.o(.bss)
    .bss                                     0x200009b4   Section    20480  heap_4.o(.bss)
    ucHeap                                   0x200009b4   Data       20480  heap_4.o(.bss)
    .bss                                     0x200059b4   Section       96  libspace.o(.bss)
    HEAP                                     0x20005a18   Section      512  startup_stm32f10x_hd.o(HEAP)
    Heap_Mem                                 0x20005a18   Data         512  startup_stm32f10x_hd.o(HEAP)
    STACK                                    0x20005c18   Section     1024  startup_stm32f10x_hd.o(STACK)
    Stack_Mem                                0x20005c18   Data        1024  startup_stm32f10x_hd.o(STACK)
    __initial_sp                             0x20006018   Data           0  startup_stm32f10x_hd.o(STACK)
    .ARM.__AT_0x68000000                     0x68000000   Section       32  malloc.o(.ARM.__AT_0x68000000)
    .ARM.__AT_0x68000020                     0x68000020   Section        2  malloc.o(.ARM.__AT_0x68000020)

    Global Symbols

    Symbol Name                              Value     Ov Type        Size  Object(Section)

    BuildAttributes$$THM_ISAv4$P$D$K$B$S$PE$A:L22UL41UL21$X:L11$S22US41US21$IEEE1$IW$USESV6$~STKCKD$USESV7$~SHL$OTIME$ROPI$IEEEJ$EBA8$UX$STANDARDLIB$REQ8$PRES8$EABIv2 0x00000000   Number         0  anon$$obj.o ABSOLUTE
    __ARM_use_no_argv                        0x00000000   Number         0  main.o ABSOLUTE
    _printf_flags                            0x00000000   Number         0  printf_stubs.o ABSOLUTE
    _printf_return_value                     0x00000000   Number         0  printf_stubs.o ABSOLUTE
    _printf_sizespec                         0x00000000   Number         0  printf_stubs.o ABSOLUTE
    _printf_widthprec                        0x00000000   Number         0  printf_stubs.o ABSOLUTE
    __ARM_exceptions_init                     - Undefined Weak Reference
    __alloca_initialize                       - Undefined Weak Reference
    __arm_preinit_                            - Undefined Weak Reference
    __cpp_initialize__aeabi_                  - Undefined Weak Reference
    __cxa_finalize                            - Undefined Weak Reference
    __sigvec_lookup                           - Undefined Weak Reference
    _atexit_init                              - Undefined Weak Reference
    _call_atexit_fns                          - Undefined Weak Reference
    _clock_init                               - Undefined Weak Reference
    _fp_trap_init                             - Undefined Weak Reference
    _fp_trap_shutdown                         - Undefined Weak Reference
    _get_lc_collate                           - Undefined Weak Reference
    _get_lc_monetary                          - Undefined Weak Reference
    _get_lc_time                              - Undefined Weak Reference
    _getenv_init                              - Undefined Weak Reference
    _handle_redirection                       - Undefined Weak Reference
    _init_alloc                               - Undefined Weak Reference
    _init_user_alloc                          - Undefined Weak Reference
    _initio                                   - Undefined Weak Reference
    _mutex_acquire                            - Undefined Weak Reference
    _mutex_release                            - Undefined Weak Reference
    _printf_fp_hex                            - Undefined Weak Reference
    _printf_mbtowc                            - Undefined Weak Reference
    _printf_wc                                - Undefined Weak Reference
    _rand_init                                - Undefined Weak Reference
    _scanf_longlong                           - Undefined Weak Reference
    _scanf_mbtowc                             - Undefined Weak Reference
    _scanf_real                               - Undefined Weak Reference
    _scanf_string                             - Undefined Weak Reference
    _scanf_wctomb                             - Undefined Weak Reference
    _scanf_wstring                            - Undefined Weak Reference
    _signal_finish                            - Undefined Weak Reference
    _signal_init                              - Undefined Weak Reference
    _terminate_alloc                          - Undefined Weak Reference
    _terminate_user_alloc                     - Undefined Weak Reference
    _terminateio                              - Undefined Weak Reference
    __Vectors_Size                           0x00000130   Number         0  startup_stm32f10x_hd.o ABSOLUTE
    __Vectors                                0x08000000   Data           4  startup_stm32f10x_hd.o(RESET)
    __Vectors_End                            0x08000130   Data           0  startup_stm32f10x_hd.o(RESET)
    __main                                   0x08000131   Thumb Code     8  __main.o(!!!main)
    __scatterload                            0x08000139   Thumb Code     0  __scatter.o(!!!scatter)
    __scatterload_rt2                        0x08000139   Thumb Code    44  __scatter.o(!!!scatter)
    __scatterload_rt2_thumb_only             0x08000139   Thumb Code     0  __scatter.o(!!!scatter)
    __scatterload_null                       0x08000147   Thumb Code     0  __scatter.o(!!!scatter)
    __scatterload_copy                       0x0800016d   Thumb Code    26  __scatter_copy.o(!!handler_copy)
    __scatterload_zeroinit                   0x08000189   Thumb Code    28  __scatter_zi.o(!!handler_zi)
    _printf_d                                0x080001a5   Thumb Code     0  _printf_d.o(.ARM.Collect$$_printf_percent$$00000009)
    _printf_percent                          0x080001a5   Thumb Code     0  _printf_percent.o(.ARM.Collect$$_printf_percent$$00000000)
    _printf_x                                0x080001ab   Thumb Code     0  _printf_x.o(.ARM.Collect$$_printf_percent$$0000000C)
    _printf_s                                0x080001b1   Thumb Code     0  _printf_s.o(.ARM.Collect$$_printf_percent$$00000014)
    _printf_percent_end                      0x080001b7   Thumb Code     0  _printf_percent_end.o(.ARM.Collect$$_printf_percent$$00000017)
    __rt_lib_init                            0x080001bb   Thumb Code     0  libinit.o(.ARM.Collect$$libinit$$00000000)
    __rt_lib_init_alloca_1                   0x080001bd   Thumb Code     0  libinit2.o(.ARM.Collect$$libinit$$0000002E)
    __rt_lib_init_argv_1                     0x080001bd   Thumb Code     0  libinit2.o(.ARM.Collect$$libinit$$0000002C)
    __rt_lib_init_atexit_1                   0x080001bd   Thumb Code     0  libinit2.o(.ARM.Collect$$libinit$$0000001B)
    __rt_lib_init_clock_1                    0x080001bd   Thumb Code     0  libinit2.o(.ARM.Collect$$libinit$$00000021)
    __rt_lib_init_cpp_1                      0x080001bd   Thumb Code     0  libinit2.o(.ARM.Collect$$libinit$$00000032)
    __rt_lib_init_exceptions_1               0x080001bd   Thumb Code     0  libinit2.o(.ARM.Collect$$libinit$$00000030)
    __rt_lib_init_fp_1                       0x080001bd   Thumb Code     0  libinit2.o(.ARM.Collect$$libinit$$00000002)
    __rt_lib_init_fp_trap_1                  0x080001bd   Thumb Code     0  libinit2.o(.ARM.Collect$$libinit$$0000001F)
    __rt_lib_init_getenv_1                   0x080001bd   Thumb Code     0  libinit2.o(.ARM.Collect$$libinit$$00000023)
    __rt_lib_init_heap_1                     0x080001bd   Thumb Code     0  libinit2.o(.ARM.Collect$$libinit$$0000000A)
    __rt_lib_init_lc_collate_1               0x080001bd   Thumb Code     0  libinit2.o(.ARM.Collect$$libinit$$00000011)
    __rt_lib_init_lc_ctype_1                 0x080001bd   Thumb Code     0  libinit2.o(.ARM.Collect$$libinit$$00000013)
    __rt_lib_init_lc_monetary_1              0x080001bd   Thumb Code     0  libinit2.o(.ARM.Collect$$libinit$$00000015)
    __rt_lib_init_lc_numeric_1               0x080001bd   Thumb Code     0  libinit2.o(.ARM.Collect$$libinit$$00000017)
    __rt_lib_init_lc_time_1                  0x080001bd   Thumb Code     0  libinit2.o(.ARM.Collect$$libinit$$00000019)
    __rt_lib_init_preinit_1                  0x080001bd   Thumb Code     0  libinit2.o(.ARM.Collect$$libinit$$00000004)
    __rt_lib_init_rand_1                     0x080001bd   Thumb Code     0  libinit2.o(.ARM.Collect$$libinit$$0000000E)
    __rt_lib_init_return                     0x080001bd   Thumb Code     0  libinit2.o(.ARM.Collect$$libinit$$00000033)
    __rt_lib_init_signal_1                   0x080001bd   Thumb Code     0  libinit2.o(.ARM.Collect$$libinit$$0000001D)
    __rt_lib_init_stdio_1                    0x080001bd   Thumb Code     0  libinit2.o(.ARM.Collect$$libinit$$00000025)
    __rt_lib_init_user_alloc_1               0x080001bd   Thumb Code     0  libinit2.o(.ARM.Collect$$libinit$$0000000C)
    __rt_lib_shutdown                        0x080001bf   Thumb Code     0  libshutdown.o(.ARM.Collect$$libshutdown$$00000000)
    __rt_lib_shutdown_cpp_1                  0x080001c1   Thumb Code     0  libshutdown2.o(.ARM.Collect$$libshutdown$$00000002)
    __rt_lib_shutdown_fp_trap_1              0x080001c1   Thumb Code     0  libshutdown2.o(.ARM.Collect$$libshutdown$$00000007)
    __rt_lib_shutdown_heap_1                 0x080001c1   Thumb Code     0  libshutdown2.o(.ARM.Collect$$libshutdown$$0000000F)
    __rt_lib_shutdown_return                 0x080001c1   Thumb Code     0  libshutdown2.o(.ARM.Collect$$libshutdown$$00000010)
    __rt_lib_shutdown_signal_1               0x080001c1   Thumb Code     0  libshutdown2.o(.ARM.Collect$$libshutdown$$0000000A)
    __rt_lib_shutdown_stdio_1                0x080001c1   Thumb Code     0  libshutdown2.o(.ARM.Collect$$libshutdown$$00000004)
    __rt_lib_shutdown_user_alloc_1           0x080001c1   Thumb Code     0  libshutdown2.o(.ARM.Collect$$libshutdown$$0000000C)
    __rt_entry                               0x080001c3   Thumb Code     0  __rtentry.o(.ARM.Collect$$rtentry$$00000000)
    __rt_entry_presh_1                       0x080001c3   Thumb Code     0  __rtentry2.o(.ARM.Collect$$rtentry$$00000002)
    __rt_entry_sh                            0x080001c3   Thumb Code     0  __rtentry4.o(.ARM.Collect$$rtentry$$00000004)
    __rt_entry_li                            0x080001c9   Thumb Code     0  __rtentry2.o(.ARM.Collect$$rtentry$$0000000A)
    __rt_entry_postsh_1                      0x080001c9   Thumb Code     0  __rtentry2.o(.ARM.Collect$$rtentry$$00000009)
    __rt_entry_main                          0x080001cd   Thumb Code     0  __rtentry2.o(.ARM.Collect$$rtentry$$0000000D)
    __rt_entry_postli_1                      0x080001cd   Thumb Code     0  __rtentry2.o(.ARM.Collect$$rtentry$$0000000C)
    __rt_exit                                0x080001d5   Thumb Code     0  rtexit.o(.ARM.Collect$$rtexit$$00000000)
    __rt_exit_ls                             0x080001d7   Thumb Code     0  rtexit2.o(.ARM.Collect$$rtexit$$00000003)
    __rt_exit_prels_1                        0x080001d7   Thumb Code     0  rtexit2.o(.ARM.Collect$$rtexit$$00000002)
    __rt_exit_exit                           0x080001db   Thumb Code     0  rtexit2.o(.ARM.Collect$$rtexit$$00000004)
    SVC_Handler                              0x080001e1   Thumb Code    32  port.o(.emb_text)
    __asm___6_port_c_39a90d8d__prvStartFirstTask 0x08000205   Thumb Code    28  port.o(.emb_text)
    PendSV_Handler                           0x08000225   Thumb Code    72  port.o(.emb_text)
    vPortGetIPSR                             0x08000271   Thumb Code     6  port.o(.emb_text)
    Reset_Handler                            0x08000279   Thumb Code     8  startup_stm32f10x_hd.o(.text)
    ADC1_2_IRQHandler                        0x08000293   Thumb Code     0  startup_stm32f10x_hd.o(.text)
    ADC3_IRQHandler                          0x08000293   Thumb Code     0  startup_stm32f10x_hd.o(.text)
    CAN1_RX1_IRQHandler                      0x08000293   Thumb Code     0  startup_stm32f10x_hd.o(.text)
    CAN1_SCE_IRQHandler                      0x08000293   Thumb Code     0  startup_stm32f10x_hd.o(.text)
    DMA1_Channel1_IRQHandler                 0x08000293   Thumb Code     0  startup_stm32f10x_hd.o(.text)
    DMA1_Channel2_IRQHandler                 0x08000293   Thumb Code     0  startup_stm32f10x_hd.o(.text)
    DMA1_Channel3_IRQHandler                 0x08000293   Thumb Code     0  startup_stm32f10x_hd.o(.text)
    DMA1_Channel4_IRQHandler                 0x08000293   Thumb Code     0  startup_stm32f10x_hd.o(.text)
    DMA1_Channel5_IRQHandler                 0x08000293   Thumb Code     0  startup_stm32f10x_hd.o(.text)
    DMA1_Channel6_IRQHandler                 0x08000293   Thumb Code     0  startup_stm32f10x_hd.o(.text)
    DMA1_Channel7_IRQHandler                 0x08000293   Thumb Code     0  startup_stm32f10x_hd.o(.text)
    DMA2_Channel1_IRQHandler                 0x08000293   Thumb Code     0  startup_stm32f10x_hd.o(.text)
    DMA2_Channel2_IRQHandler                 0x08000293   Thumb Code     0  startup_stm32f10x_hd.o(.text)
    DMA2_Channel3_IRQHandler                 0x08000293   Thumb Code     0  startup_stm32f10x_hd.o(.text)
    DMA2_Channel4_5_IRQHandler               0x08000293   Thumb Code     0  startup_stm32f10x_hd.o(.text)
    EXTI0_IRQHandler                         0x08000293   Thumb Code     0  startup_stm32f10x_hd.o(.text)
    EXTI15_10_IRQHandler                     0x08000293   Thumb Code     0  startup_stm32f10x_hd.o(.text)
    EXTI1_IRQHandler                         0x08000293   Thumb Code     0  startup_stm32f10x_hd.o(.text)
    EXTI2_IRQHandler                         0x08000293   Thumb Code     0  startup_stm32f10x_hd.o(.text)
    EXTI3_IRQHandler                         0x08000293   Thumb Code     0  startup_stm32f10x_hd.o(.text)
    EXTI4_IRQHandler                         0x08000293   Thumb Code     0  startup_stm32f10x_hd.o(.text)
    EXTI9_5_IRQHandler                       0x08000293   Thumb Code     0  startup_stm32f10x_hd.o(.text)
    FLASH_IRQHandler                         0x08000293   Thumb Code     0  startup_stm32f10x_hd.o(.text)
    FSMC_IRQHandler                          0x08000293   Thumb Code     0  startup_stm32f10x_hd.o(.text)
    I2C1_ER_IRQHandler                       0x08000293   Thumb Code     0  startup_stm32f10x_hd.o(.text)
    I2C1_EV_IRQHandler                       0x08000293   Thumb Code     0  startup_stm32f10x_hd.o(.text)
    I2C2_ER_IRQHandler                       0x08000293   Thumb Code     0  startup_stm32f10x_hd.o(.text)
    I2C2_EV_IRQHandler                       0x08000293   Thumb Code     0  startup_stm32f10x_hd.o(.text)
    PVD_IRQHandler                           0x08000293   Thumb Code     0  startup_stm32f10x_hd.o(.text)
    RCC_IRQHandler                           0x08000293   Thumb Code     0  startup_stm32f10x_hd.o(.text)
    RTCAlarm_IRQHandler                      0x08000293   Thumb Code     0  startup_stm32f10x_hd.o(.text)
    RTC_IRQHandler                           0x08000293   Thumb Code     0  startup_stm32f10x_hd.o(.text)
    SDIO_IRQHandler                          0x08000293   Thumb Code     0  startup_stm32f10x_hd.o(.text)
    SPI1_IRQHandler                          0x08000293   Thumb Code     0  startup_stm32f10x_hd.o(.text)
    SPI2_IRQHandler                          0x08000293   Thumb Code     0  startup_stm32f10x_hd.o(.text)
    SPI3_IRQHandler                          0x08000293   Thumb Code     0  startup_stm32f10x_hd.o(.text)
    TAMPER_IRQHandler                        0x08000293   Thumb Code     0  startup_stm32f10x_hd.o(.text)
    TIM1_BRK_IRQHandler                      0x08000293   Thumb Code     0  startup_stm32f10x_hd.o(.text)
    TIM1_CC_IRQHandler                       0x08000293   Thumb Code     0  startup_stm32f10x_hd.o(.text)
    TIM1_TRG_COM_IRQHandler                  0x08000293   Thumb Code     0  startup_stm32f10x_hd.o(.text)
    TIM1_UP_IRQHandler                       0x08000293   Thumb Code     0  startup_stm32f10x_hd.o(.text)
    TIM2_IRQHandler                          0x08000293   Thumb Code     0  startup_stm32f10x_hd.o(.text)
    TIM4_IRQHandler                          0x08000293   Thumb Code     0  startup_stm32f10x_hd.o(.text)
    TIM5_IRQHandler                          0x08000293   Thumb Code     0  startup_stm32f10x_hd.o(.text)
    TIM6_IRQHandler                          0x08000293   Thumb Code     0  startup_stm32f10x_hd.o(.text)
    TIM7_IRQHandler                          0x08000293   Thumb Code     0  startup_stm32f10x_hd.o(.text)
    TIM8_BRK_IRQHandler                      0x08000293   Thumb Code     0  startup_stm32f10x_hd.o(.text)
    TIM8_CC_IRQHandler                       0x08000293   Thumb Code     0  startup_stm32f10x_hd.o(.text)
    TIM8_TRG_COM_IRQHandler                  0x08000293   Thumb Code     0  startup_stm32f10x_hd.o(.text)
    TIM8_UP_IRQHandler                       0x08000293   Thumb Code     0  startup_stm32f10x_hd.o(.text)
    UART4_IRQHandler                         0x08000293   Thumb Code     0  startup_stm32f10x_hd.o(.text)
    UART5_IRQHandler                         0x08000293   Thumb Code     0  startup_stm32f10x_hd.o(.text)
    USART2_IRQHandler                        0x08000293   Thumb Code     0  startup_stm32f10x_hd.o(.text)
    USBWakeUp_IRQHandler                     0x08000293   Thumb Code     0  startup_stm32f10x_hd.o(.text)
    USB_HP_CAN1_TX_IRQHandler                0x08000293   Thumb Code     0  startup_stm32f10x_hd.o(.text)
    USB_LP_CAN1_RX0_IRQHandler               0x08000293   Thumb Code     0  startup_stm32f10x_hd.o(.text)
    WWDG_IRQHandler                          0x08000293   Thumb Code     0  startup_stm32f10x_hd.o(.text)
    __user_initial_stackheap                 0x08000295   Thumb Code     0  startup_stm32f10x_hd.o(.text)
    __use_no_semihosting                     0x080002b9   Thumb Code     2  use_no_semi_2.o(.text)
    __2printf                                0x080002bd   Thumb Code    20  __2printf.o(.text)
    _printf_str                              0x080002d5   Thumb Code    82  _printf_str.o(.text)
    _printf_int_dec                          0x08000329   Thumb Code   104  _printf_dec.o(.text)
    _printf_longlong_hex                     0x080003a1   Thumb Code    86  _printf_hex_int_ll_ptr.o(.text)
    _printf_int_hex                          0x080003f7   Thumb Code    28  _printf_hex_int_ll_ptr.o(.text)
    _printf_ll_hex                           0x08000413   Thumb Code    12  _printf_hex_int_ll_ptr.o(.text)
    _printf_hex_ptr                          0x0800041f   Thumb Code    18  _printf_hex_int_ll_ptr.o(.text)
    __printf                                 0x08000435   Thumb Code   388  __printf_flags_ss_wp.o(.text)
    __aeabi_memcpy                           0x080005bd   Thumb Code     0  rt_memcpy_v6.o(.text)
    __rt_memcpy                              0x080005bd   Thumb Code   138  rt_memcpy_v6.o(.text)
    _memcpy_lastbytes                        0x08000623   Thumb Code     0  rt_memcpy_v6.o(.text)
    __aeabi_memset                           0x08000647   Thumb Code    16  aeabi_memset.o(.text)
    __aeabi_memclr4                          0x08000657   Thumb Code     0  rt_memclr_w.o(.text)
    __aeabi_memclr8                          0x08000657   Thumb Code     0  rt_memclr_w.o(.text)
    __rt_memclr_w                            0x08000657   Thumb Code    78  rt_memclr_w.o(.text)
    _memset_w                                0x0800065b   Thumb Code     0  rt_memclr_w.o(.text)
    __use_two_region_memory                  0x080006a5   Thumb Code     2  heapauxi.o(.text)
    __rt_heap_escrow$2region                 0x080006a7   Thumb Code     2  heapauxi.o(.text)
    __rt_heap_expand$2region                 0x080006a9   Thumb Code     2  heapauxi.o(.text)
    __I$use$semihosting                      0x080006ab   Thumb Code     0  use_no_semi.o(.text)
    __use_no_semihosting_swi                 0x080006ab   Thumb Code     2  use_no_semi.o(.text)
    _printf_int_common                       0x080006ad   Thumb Code   178  _printf_intcommon.o(.text)
    _printf_char_common                      0x0800076b   Thumb Code    32  _printf_char_common.o(.text)
    _printf_cs_common                        0x08000791   Thumb Code    20  _printf_char.o(.text)
    _printf_char                             0x080007a5   Thumb Code    16  _printf_char.o(.text)
    _printf_string                           0x080007b5   Thumb Code     8  _printf_char.o(.text)
    _printf_char_file                        0x080007bd   Thumb Code    32  _printf_char_file.o(.text)
    __aeabi_memcpy4                          0x080007e1   Thumb Code     0  rt_memcpy_w.o(.text)
    __aeabi_memcpy8                          0x080007e1   Thumb Code     0  rt_memcpy_w.o(.text)
    __rt_memcpy_w                            0x080007e1   Thumb Code   100  rt_memcpy_w.o(.text)
    _memcpy_lastbytes_aligned                0x08000829   Thumb Code     0  rt_memcpy_w.o(.text)
    __aeabi_memclr                           0x08000845   Thumb Code     0  rt_memclr.o(.text)
    __rt_memclr                              0x08000845   Thumb Code    68  rt_memclr.o(.text)
    _memset                                  0x08000849   Thumb Code     0  rt_memclr.o(.text)
    ferror                                   0x08000889   Thumb Code     8  ferror.o(.text)
    __user_setup_stackheap                   0x08000891   Thumb Code    74  sys_stackheap_outer.o(.text)
    exit                                     0x080008db   Thumb Code    18  exit.o(.text)
    __user_libspace                          0x080008ed   Thumb Code     8  libspace.o(.text)
    __user_perproc_libspace                  0x080008ed   Thumb Code     0  libspace.o(.text)
    __user_perthread_libspace                0x080008ed   Thumb Code     0  libspace.o(.text)
    BusFault_Handler                         0x080008f5   Thumb Code     2  stm32f10x_it.o(i.BusFault_Handler)
    ConfigureTimeForRunTimeStats             0x080008f9   Thumb Code    16  timer.o(i.ConfigureTimeForRunTimeStats)
    DebugMon_Handler                         0x0800090d   Thumb Code     2  stm32f10x_it.o(i.DebugMon_Handler)
    FSMC_NORSRAMCmd                          0x08000911   Thumb Code    26  stm32f10x_fsmc.o(i.FSMC_NORSRAMCmd)
    FSMC_NORSRAMInit                         0x08000931   Thumb Code   200  stm32f10x_fsmc.o(i.FSMC_NORSRAMInit)
    GPIO_Init                                0x080009f9   Thumb Code   156  stm32f10x_gpio.o(i.GPIO_Init)
    GPIO_PinRemapConfig                      0x08000a95   Thumb Code    82  stm32f10x_gpio.o(i.GPIO_PinRemapConfig)
    GPIO_ReadInputDataBit                    0x08000aed   Thumb Code    14  stm32f10x_gpio.o(i.GPIO_ReadInputDataBit)
    GPIO_ResetBits                           0x08000afb   Thumb Code     4  stm32f10x_gpio.o(i.GPIO_ResetBits)
    GPIO_SetBits                             0x08000aff   Thumb Code     4  stm32f10x_gpio.o(i.GPIO_SetBits)
    HardFault_Handler                        0x08000b03   Thumb Code     2  stm32f10x_it.o(i.HardFault_Handler)
    LCD_Clear                                0x08000b05   Thumb Code   100  lcd.o(i.LCD_Clear)
    LCD_Display_Dir                          0x08000b71   Thumb Code   304  lcd.o(i.LCD_Display_Dir)
    LCD_Fast_DrawPoint                       0x08000ca5   Thumb Code   276  lcd.o(i.LCD_Fast_DrawPoint)
    LCD_Init                                 0x08000dc1   Thumb Code 11794  lcd.o(i.LCD_Init)
    LCD_Pow                                  0x08003bd9   Thumb Code    16  lcd.o(i.LCD_Pow)
    LCD_RD_DATA                              0x08003be9   Thumb Code    16  lcd.o(i.LCD_RD_DATA)
    LCD_ReadReg                              0x08003bfd   Thumb Code    20  lcd.o(i.LCD_ReadReg)
    LCD_SSD_BackLightSet                     0x08003c15   Thumb Code    50  lcd.o(i.LCD_SSD_BackLightSet)
    LCD_Scan_Dir                             0x08003c51   Thumb Code   414  lcd.o(i.LCD_Scan_Dir)
    LCD_SetCursor                            0x08003df9   Thumb Code   320  lcd.o(i.LCD_SetCursor)
    LCD_ShowChar                             0x08003f41   Thumb Code   182  lcd.o(i.LCD_ShowChar)
    LCD_ShowString                           0x0800400d   Thumb Code    84  lcd.o(i.LCD_ShowString)
    LCD_ShowxNum                             0x08004061   Thumb Code   134  lcd.o(i.LCD_ShowxNum)
    LCD_WriteRAM_Prepare                     0x080040e9   Thumb Code    10  lcd.o(i.LCD_WriteRAM_Prepare)
    LCD_WriteReg                             0x080040fd   Thumb Code    10  lcd.o(i.LCD_WriteReg)
    MemManage_Handler                        0x0800410d   Thumb Code     2  stm32f10x_it.o(i.MemManage_Handler)
    NMI_Handler                              0x0800410f   Thumb Code     2  stm32f10x_it.o(i.NMI_Handler)
    NVIC_Init                                0x08004111   Thumb Code    94  misc.o(i.NVIC_Init)
    NVIC_PriorityGroupConfig                 0x08004175   Thumb Code    10  misc.o(i.NVIC_PriorityGroupConfig)
    RCC_AHBPeriphClockCmd                    0x08004189   Thumb Code    18  stm32f10x_rcc.o(i.RCC_AHBPeriphClockCmd)
    RCC_APB1PeriphClockCmd                   0x080041a1   Thumb Code    18  stm32f10x_rcc.o(i.RCC_APB1PeriphClockCmd)
    RCC_APB2PeriphClockCmd                   0x080041b9   Thumb Code    18  stm32f10x_rcc.o(i.RCC_APB2PeriphClockCmd)
    RCC_GetClocksFreq                        0x080041d1   Thumb Code   132  stm32f10x_rcc.o(i.RCC_GetClocksFreq)
    SysTick_CLKSourceConfig                  0x0800430d   Thumb Code    24  misc.o(i.SysTick_CLKSourceConfig)
    SysTick_Handler                          0x08004325   Thumb Code    20  delay.o(i.SysTick_Handler)
    SystemInit                               0x08004339   Thumb Code    64  system_stm32f10x.o(i.SystemInit)
    TIM3_IRQHandler                          0x08004389   Thumb Code    44  timer.o(i.TIM3_IRQHandler)
    TIM3_Int_Init                            0x080043bd   Thumb Code    88  timer.o(i.TIM3_Int_Init)
    TIM3_PWM_Init                            0x08004419   Thumb Code   188  pwm.o(i.TIM3_PWM_Init)
    TIM4_PWM_Init                            0x080044e1   Thumb Code   132  pwm.o(i.TIM4_PWM_Init)
    TIM_ClearITPendingBit                    0x0800456d   Thumb Code     6  stm32f10x_tim.o(i.TIM_ClearITPendingBit)
    TIM_Cmd                                  0x08004573   Thumb Code    20  stm32f10x_tim.o(i.TIM_Cmd)
    TIM_CtrlPWMOutputs                       0x08004587   Thumb Code    22  stm32f10x_tim.o(i.TIM_CtrlPWMOutputs)
    TIM_GetCounter                           0x0800459d   Thumb Code     4  stm32f10x_tim.o(i.TIM_GetCounter)
    TIM_GetITStatus                          0x080045a1   Thumb Code    24  stm32f10x_tim.o(i.TIM_GetITStatus)
    TIM_ITConfig                             0x080045b9   Thumb Code    16  stm32f10x_tim.o(i.TIM_ITConfig)
    TIM_OC1Init                              0x080045c9   Thumb Code   106  stm32f10x_tim.o(i.TIM_OC1Init)
    TIM_OC1PreloadConfig                     0x08004649   Thumb Code    12  stm32f10x_tim.o(i.TIM_OC1PreloadConfig)
    TIM_OC2Init                              0x08004655   Thumb Code   120  stm32f10x_tim.o(i.TIM_OC2Init)
    TIM_OC2PreloadConfig                     0x080046d5   Thumb Code    20  stm32f10x_tim.o(i.TIM_OC2PreloadConfig)
    TIM_OC3Init                              0x080046e9   Thumb Code   116  stm32f10x_tim.o(i.TIM_OC3Init)
    TIM_OC3PreloadConfig                     0x08004765   Thumb Code    12  stm32f10x_tim.o(i.TIM_OC3PreloadConfig)
    TIM_OC4Init                              0x08004771   Thumb Code    90  stm32f10x_tim.o(i.TIM_OC4Init)
    TIM_OC4PreloadConfig                     0x080047d5   Thumb Code    20  stm32f10x_tim.o(i.TIM_OC4PreloadConfig)
    TIM_SetCompare1                          0x080047e9   Thumb Code     4  stm32f10x_tim.o(i.TIM_SetCompare1)
    TIM_SetCompare2                          0x080047ed   Thumb Code     4  stm32f10x_tim.o(i.TIM_SetCompare2)
    TIM_SetCompare3                          0x080047f1   Thumb Code     4  stm32f10x_tim.o(i.TIM_SetCompare3)
    TIM_SetCompare4                          0x080047f5   Thumb Code     6  stm32f10x_tim.o(i.TIM_SetCompare4)
    TIM_SetCounter                           0x080047fb   Thumb Code     4  stm32f10x_tim.o(i.TIM_SetCounter)
    TIM_TimeBaseInit                         0x08004801   Thumb Code   114  stm32f10x_tim.o(i.TIM_TimeBaseInit)
    USART1_IRQHandler                        0x0800489d   Thumb Code    88  usart.o(i.USART1_IRQHandler)
    USART3_IRQHandler                        0x08004901   Thumb Code    88  usart3.o(i.USART3_IRQHandler)
    USART_Cmd                                0x08004969   Thumb Code    20  stm32f10x_usart.o(i.USART_Cmd)
    USART_GetITStatus                        0x0800497d   Thumb Code    62  stm32f10x_usart.o(i.USART_GetITStatus)
    USART_ITConfig                           0x080049bb   Thumb Code    48  stm32f10x_usart.o(i.USART_ITConfig)
    USART_Init                               0x080049ed   Thumb Code   166  stm32f10x_usart.o(i.USART_Init)
    USART_ReceiveData                        0x08004a99   Thumb Code     8  stm32f10x_usart.o(i.USART_ReceiveData)
    UsageFault_Handler                       0x08004aa1   Thumb Code     2  stm32f10x_it.o(i.UsageFault_Handler)
    _is_digit                                0x08004aa3   Thumb Code    14  __printf_wp.o(i._is_digit)
    _sys_exit                                0x08004ab1   Thumb Code     2  usart.o(i._sys_exit)
    car_init                                 0x08004afd   Thumb Code    62  car.o(i.car_init)
    car_left_hand                            0x08004b51   Thumb Code    24  car.o(i.car_left_hand)
    car_right_hand                           0x08004b6d   Thumb Code    24  car.o(i.car_right_hand)
    car_stop_hand                            0x08004bc9   Thumb Code    28  car.o(i.car_stop_hand)
    car_task                                 0x08004be9   Thumb Code   304  car.o(i.car_task)
    delay_init                               0x08004d21   Thumb Code    60  delay.o(i.delay_init)
    delay_ms                                 0x08004d69   Thumb Code    52  delay.o(i.delay_ms)
    delay_us                                 0x08004da1   Thumb Code    48  delay.o(i.delay_us)
    dis_init                                 0x08004dd5   Thumb Code    54  dis.o(i.dis_init)
    dis_task                                 0x08004e25   Thumb Code   126  dis.o(i.dis_task)
    disio_init                               0x08004ea9   Thumb Code   120  dis.o(i.disio_init)
    fputc                                    0x08004f29   Thumb Code    18  usart.o(i.fputc)
    get_car_op                               0x08004f41   Thumb Code     4  car.o(i.get_car_op)
    lcd_show_init                            0x08004fd1   Thumb Code   254  lcd_show.o(i.lcd_show_init)
    main                                     0x08005141   Thumb Code    56  main.o(i.main)
    pvPortMalloc                             0x080059f1   Thumb Code   214  heap_4.o(i.pvPortMalloc)
    pvTaskIncrementMutexHeldCount            0x08005b05   Thumb Code    18  tasks.o(i.pvTaskIncrementMutexHeldCount)
    pxPortInitialiseStack                    0x08005b1d   Thumb Code    32  port.o(i.pxPortInitialiseStack)
    start_task                               0x08005b41   Thumb Code    24  main.o(i.start_task)
    uart_init                                0x08005b59   Thumb Code   154  usart.o(i.uart_init)
    uxListRemove                             0x08005bfd   Thumb Code    36  list.o(i.uxListRemove)
    vListInitialise                          0x08005c21   Thumb Code    22  list.o(i.vListInitialise)
    vListInitialiseItem                      0x08005c37   Thumb Code     6  list.o(i.vListInitialiseItem)
    vListInsert                              0x08005c3d   Thumb Code    48  list.o(i.vListInsert)
    vListInsertEnd                           0x08005c6d   Thumb Code    24  list.o(i.vListInsertEnd)
    vPortEnterCritical                       0x08005c85   Thumb Code    50  port.o(i.vPortEnterCritical)
    vPortExitCritical                        0x08005cfd   Thumb Code    34  port.o(i.vPortExitCritical)
    vPortFree                                0x08005d61   Thumb Code    94  heap_4.o(i.vPortFree)
    vPortSetupTimerInterrupt                 0x08005dfd   Thumb Code    26  port.o(i.vPortSetupTimerInterrupt)
    vPortValidateInterruptPriority           0x08005e1d   Thumb Code    70  port.o(i.vPortValidateInterruptPriority)
    vQueueAddToRegistry                      0x08005ea9   Thumb Code    32  queue.o(i.vQueueAddToRegistry)
    vQueueWaitForMessageRestricted           0x08005ecd   Thumb Code    68  queue.o(i.vQueueWaitForMessageRestricted)
    vTaskDelay                               0x08005f11   Thumb Code    62  tasks.o(i.vTaskDelay)
    vTaskMissedYield                         0x08005f7d   Thumb Code     8  tasks.o(i.vTaskMissedYield)
    vTaskPlaceOnEventList                    0x08005f89   Thumb Code    44  tasks.o(i.vTaskPlaceOnEventList)
    vTaskPlaceOnEventListRestricted          0x08005fdd   Thumb Code    52  tasks.o(i.vTaskPlaceOnEventListRestricted)
    vTaskPriorityInherit                     0x08006039   Thumb Code   124  tasks.o(i.vTaskPriorityInherit)
    vTaskSetTimeOutState                     0x080060bd   Thumb Code    30  tasks.o(i.vTaskSetTimeOutState)
    vTaskStartScheduler                      0x08006105   Thumb Code   100  tasks.o(i.vTaskStartScheduler)
    vTaskSuspendAll                          0x0800619d   Thumb Code    10  tasks.o(i.vTaskSuspendAll)
    vTaskSwitchContext                       0x080061ad   Thumb Code   106  tasks.o(i.vTaskSwitchContext)
    xPortStartScheduler                      0x08006249   Thumb Code   108  port.o(i.xPortStartScheduler)
    xPortSysTickHandler                      0x080062c1   Thumb Code    38  port.o(i.xPortSysTickHandler)
    xQueueGenericCreate                      0x080062ed   Thumb Code    82  queue.o(i.xQueueGenericCreate)
    xQueueGenericReceive                     0x08006365   Thumb Code   348  queue.o(i.xQueueGenericReceive)
    xQueueGenericReset                       0x080064e9   Thumb Code   128  queue.o(i.xQueueGenericReset)
    xQueueGenericSend                        0x08006591   Thumb Code   350  queue.o(i.xQueueGenericSend)
    xQueueGenericSendFromISR                 0x08006719   Thumb Code   188  queue.o(i.xQueueGenericSendFromISR)
    xTaskCheckForTimeOut                     0x080067f9   Thumb Code    94  tasks.o(i.xTaskCheckForTimeOut)
    xTaskCreate                              0x08006881   Thumb Code    86  tasks.o(i.xTaskCreate)
    xTaskGetSchedulerState                   0x080068d9   Thumb Code    22  tasks.o(i.xTaskGetSchedulerState)
    xTaskGetTickCount                        0x080068f5   Thumb Code     6  tasks.o(i.xTaskGetTickCount)
    xTaskIncrementTick                       0x08006901   Thumb Code   188  tasks.o(i.xTaskIncrementTick)
    xTaskPriorityDisinherit                  0x080069e9   Thumb Code   136  tasks.o(i.xTaskPriorityDisinherit)
    xTaskRemoveFromEventList                 0x08006a9d   Thumb Code   102  tasks.o(i.xTaskRemoveFromEventList)
    xTaskResumeAll                           0x08006b35   Thumb Code   180  tasks.o(i.xTaskResumeAll)
    xTimerCreate                             0x08006c19   Thumb Code    74  timers.o(i.xTimerCreate)
    xTimerCreateTimerTask                    0x08006c8d   Thumb Code    58  timers.o(i.xTimerCreateTimerTask)
    xTimerGenericCommand                     0x08006d01   Thumb Code    98  timers.o(i.xTimerGenericCommand)
    __aeabi_ddiv                             0x08006d91   Thumb Code     0  ddiv.o(x$fpl$ddiv)
    _ddiv                                    0x08006d91   Thumb Code   552  ddiv.o(x$fpl$ddiv)
    __aeabi_d2uiz                            0x08007041   Thumb Code     0  dfixu.o(x$fpl$dfixu)
    _dfixu                                   0x08007041   Thumb Code    90  dfixu.o(x$fpl$dfixu)
    __aeabi_ui2d                             0x0800709b   Thumb Code     0  dflt_clz.o(x$fpl$dfltu)
    _dfltu                                   0x0800709b   Thumb Code    38  dflt_clz.o(x$fpl$dfltu)
    __aeabi_dmul                             0x080070c1   Thumb Code     0  dmul.o(x$fpl$dmul)
    _dmul                                    0x080070c1   Thumb Code   332  dmul.o(x$fpl$dmul)
    __fpl_dnaninf                            0x08007215   Thumb Code   156  dnaninf.o(x$fpl$dnaninf)
    __fpl_dretinf                            0x080072b1   Thumb Code    12  dretinf.o(x$fpl$dretinf)
    __I$use$fp                               0x080072bc   Number         0  usenofp.o(x$fpl$usenofp)
    asc2_1206                                0x080072bc   Data        1140  lcd.o(.constdata)
    asc2_1608                                0x08007730   Data        1520  lcd.o(.constdata)
    asc2_2412                                0x08007d20   Data        3420  lcd.o(.constdata)
    Region$$Table$$Base                      0x08008ab8   Number         0  anon$$obj.o(Region$$Table)
    Region$$Table$$Limit                     0x08008ad8   Number         0  anon$$obj.o(Region$$Table)
    StartTask_Handler                        0x20000000   Data           4  main.o(.data)
    SystemCoreClock                          0x20000004   Data           4  system_stm32f10x.o(.data)
    AHBPrescTable                            0x20000008   Data          16  system_stm32f10x.o(.data)
    FreeRTOSRunTimeTicks                     0x20000018   Data           8  timer.o(.data)
    POINT_COLOR                              0x20000020   Data           2  lcd.o(.data)
    BACK_COLOR                               0x20000022   Data           2  lcd.o(.data)
    car_Handler                              0x20000024   Data           4  car.o(.data)
    dis_Handler                              0x2000003c   Data           4  dis.o(.data)
    USART_RX_STA                             0x20000044   Data           2  usart.o(.data)
    __stdout                                 0x20000048   Data           4  usart.o(.data)
    USART3_RX_STA                            0x2000004c   Data           2  usart3.o(.data)
    pxCurrentTCB                             0x20000064   Data           4  tasks.o(.data)
    lcddev                                   0x200000e0   Data          14  lcd.o(.bss)
    USART_RX_BUF                             0x200000ee   Data         200  usart.o(.bss)
    USART3_RX_BUF                            0x200001b6   Data         600  usart3.o(.bss)
    USART3_TX_BUF                            0x2000040e   Data         600  usart3.o(.bss)
    xQueueRegistry                           0x20000668   Data          64  queue.o(.bss)
    __libspace_start                         0x200059b4   Data          96  libspace.o(.bss)
    __temporary_stack_top$libspace           0x20005a14   Data           0  libspace.o(.bss)
    mem2base                                 0x68000000   Data          32  malloc.o(.ARM.__AT_0x68000000)
    mem2mapbase                              0x68000020   Data           2  malloc.o(.ARM.__AT_0x68000020)



==============================================================================

Memory Map of the image

  Image Entry point : 0x08000279

  Load Region LR_1 (Base: 0x08000000, Size: 0x00008bb8, Max: 0xffffffff, ABSOLUTE)

    Execution Region ER_RO (Exec base: 0x08000000, Load base: 0x08000000, Size: 0x00008ad8, Max: 0xffffffff, ABSOLUTE)

    Exec Addr    Load Addr    Size         Type   Attr      Idx    E Section Name        Object

    0x08000000   0x08000000   0x00000130   Data   RO         1001    RESET               startup_stm32f10x_hd.o
    0x08000130   0x08000130   0x00000008   Code   RO         3394  * !!!main             c_w.l(__main.o)
    0x08000138   0x08000138   0x00000034   Code   RO         3721    !!!scatter          c_w.l(__scatter.o)
    0x0800016c   0x0800016c   0x0000001a   Code   RO         3723    !!handler_copy      c_w.l(__scatter_copy.o)
    0x08000186   0x08000186   0x00000002   PAD
    0x08000188   0x08000188   0x0000001c   Code   RO         3725    !!handler_zi        c_w.l(__scatter_zi.o)
    0x080001a4   0x080001a4   0x00000000   Code   RO         3375    .ARM.Collect$$_printf_percent$$00000000  c_w.l(_printf_percent.o)
    0x080001a4   0x080001a4   0x00000006   Code   RO         3373    .ARM.Collect$$_printf_percent$$00000009  c_w.l(_printf_d.o)
    0x080001aa   0x080001aa   0x00000006   Code   RO         3372    .ARM.Collect$$_printf_percent$$0000000C  c_w.l(_printf_x.o)
    0x080001b0   0x080001b0   0x00000006   Code   RO         3371    .ARM.Collect$$_printf_percent$$00000014  c_w.l(_printf_s.o)
    0x080001b6   0x080001b6   0x00000004   Code   RO         3470    .ARM.Collect$$_printf_percent$$00000017  c_w.l(_printf_percent_end.o)
    0x080001ba   0x080001ba   0x00000002   Code   RO         3584    .ARM.Collect$$libinit$$00000000  c_w.l(libinit.o)
    0x080001bc   0x080001bc   0x00000000   Code   RO         3602    .ARM.Collect$$libinit$$00000002  c_w.l(libinit2.o)
    0x080001bc   0x080001bc   0x00000000   Code   RO         3604    .ARM.Collect$$libinit$$00000004  c_w.l(libinit2.o)
    0x080001bc   0x080001bc   0x00000000   Code   RO         3607    .ARM.Collect$$libinit$$0000000A  c_w.l(libinit2.o)
    0x080001bc   0x080001bc   0x00000000   Code   RO         3609    .ARM.Collect$$libinit$$0000000C  c_w.l(libinit2.o)
    0x080001bc   0x080001bc   0x00000000   Code   RO         3611    .ARM.Collect$$libinit$$0000000E  c_w.l(libinit2.o)
    0x080001bc   0x080001bc   0x00000000   Code   RO         3614    .ARM.Collect$$libinit$$00000011  c_w.l(libinit2.o)
    0x080001bc   0x080001bc   0x00000000   Code   RO         3616    .ARM.Collect$$libinit$$00000013  c_w.l(libinit2.o)
    0x080001bc   0x080001bc   0x00000000   Code   RO         3618    .ARM.Collect$$libinit$$00000015  c_w.l(libinit2.o)
    0x080001bc   0x080001bc   0x00000000   Code   RO         3620    .ARM.Collect$$libinit$$00000017  c_w.l(libinit2.o)
    0x080001bc   0x080001bc   0x00000000   Code   RO         3622    .ARM.Collect$$libinit$$00000019  c_w.l(libinit2.o)
    0x080001bc   0x080001bc   0x00000000   Code   RO         3624    .ARM.Collect$$libinit$$0000001B  c_w.l(libinit2.o)
    0x080001bc   0x080001bc   0x00000000   Code   RO         3626    .ARM.Collect$$libinit$$0000001D  c_w.l(libinit2.o)
    0x080001bc   0x080001bc   0x00000000   Code   RO         3628    .ARM.Collect$$libinit$$0000001F  c_w.l(libinit2.o)
    0x080001bc   0x080001bc   0x00000000   Code   RO         3630    .ARM.Collect$$libinit$$00000021  c_w.l(libinit2.o)
    0x080001bc   0x080001bc   0x00000000   Code   RO         3632    .ARM.Collect$$libinit$$00000023  c_w.l(libinit2.o)
    0x080001bc   0x080001bc   0x00000000   Code   RO         3634    .ARM.Collect$$libinit$$00000025  c_w.l(libinit2.o)
    0x080001bc   0x080001bc   0x00000000   Code   RO         3638    .ARM.Collect$$libinit$$0000002C  c_w.l(libinit2.o)
    0x080001bc   0x080001bc   0x00000000   Code   RO         3640    .ARM.Collect$$libinit$$0000002E  c_w.l(libinit2.o)
    0x080001bc   0x080001bc   0x00000000   Code   RO         3642    .ARM.Collect$$libinit$$00000030  c_w.l(libinit2.o)
    0x080001bc   0x080001bc   0x00000000   Code   RO         3644    .ARM.Collect$$libinit$$00000032  c_w.l(libinit2.o)
    0x080001bc   0x080001bc   0x00000002   Code   RO         3645    .ARM.Collect$$libinit$$00000033  c_w.l(libinit2.o)
    0x080001be   0x080001be   0x00000002   Code   RO         3663    .ARM.Collect$$libshutdown$$00000000  c_w.l(libshutdown.o)
    0x080001c0   0x080001c0   0x00000000   Code   RO         3673    .ARM.Collect$$libshutdown$$00000002  c_w.l(libshutdown2.o)
    0x080001c0   0x080001c0   0x00000000   Code   RO         3675    .ARM.Collect$$libshutdown$$00000004  c_w.l(libshutdown2.o)
    0x080001c0   0x080001c0   0x00000000   Code   RO         3678    .ARM.Collect$$libshutdown$$00000007  c_w.l(libshutdown2.o)
    0x080001c0   0x080001c0   0x00000000   Code   RO         3681    .ARM.Collect$$libshutdown$$0000000A  c_w.l(libshutdown2.o)
    0x080001c0   0x080001c0   0x00000000   Code   RO         3683    .ARM.Collect$$libshutdown$$0000000C  c_w.l(libshutdown2.o)
    0x080001c0   0x080001c0   0x00000000   Code   RO         3686    .ARM.Collect$$libshutdown$$0000000F  c_w.l(libshutdown2.o)
    0x080001c0   0x080001c0   0x00000002   Code   RO         3687    .ARM.Collect$$libshutdown$$00000010  c_w.l(libshutdown2.o)
    0x080001c2   0x080001c2   0x00000000   Code   RO         3434    .ARM.Collect$$rtentry$$00000000  c_w.l(__rtentry.o)
    0x080001c2   0x080001c2   0x00000000   Code   RO         3504    .ARM.Collect$$rtentry$$00000002  c_w.l(__rtentry2.o)
    0x080001c2   0x080001c2   0x00000006   Code   RO         3516    .ARM.Collect$$rtentry$$00000004  c_w.l(__rtentry4.o)
    0x080001c8   0x080001c8   0x00000000   Code   RO         3506    .ARM.Collect$$rtentry$$00000009  c_w.l(__rtentry2.o)
    0x080001c8   0x080001c8   0x00000004   Code   RO         3507    .ARM.Collect$$rtentry$$0000000A  c_w.l(__rtentry2.o)
    0x080001cc   0x080001cc   0x00000000   Code   RO         3509    .ARM.Collect$$rtentry$$0000000C  c_w.l(__rtentry2.o)
    0x080001cc   0x080001cc   0x00000008   Code   RO         3510    .ARM.Collect$$rtentry$$0000000D  c_w.l(__rtentry2.o)
    0x080001d4   0x080001d4   0x00000002   Code   RO         3594    .ARM.Collect$$rtexit$$00000000  c_w.l(rtexit.o)
    0x080001d6   0x080001d6   0x00000000   Code   RO         3647    .ARM.Collect$$rtexit$$00000002  c_w.l(rtexit2.o)
    0x080001d6   0x080001d6   0x00000004   Code   RO         3648    .ARM.Collect$$rtexit$$00000003  c_w.l(rtexit2.o)
    0x080001da   0x080001da   0x00000006   Code   RO         3649    .ARM.Collect$$rtexit$$00000004  c_w.l(rtexit2.o)
    0x080001e0   0x080001e0   0x00000096   Code   RO         3232    .emb_text           port.o
    0x08000276   0x08000276   0x00000002   PAD
    0x08000278   0x08000278   0x00000040   Code   RO         1002  * .text               startup_stm32f10x_hd.o
    0x080002b8   0x080002b8   0x00000002   Code   RO         3311    .text               c_w.l(use_no_semi_2.o)
    0x080002ba   0x080002ba   0x00000002   PAD
    0x080002bc   0x080002bc   0x00000018   Code   RO         3315    .text               c_w.l(__2printf.o)
    0x080002d4   0x080002d4   0x00000052   Code   RO         3325    .text               c_w.l(_printf_str.o)
    0x08000326   0x08000326   0x00000002   PAD
    0x08000328   0x08000328   0x00000078   Code   RO         3327    .text               c_w.l(_printf_dec.o)
    0x080003a0   0x080003a0   0x00000094   Code   RO         3347    .text               c_w.l(_printf_hex_int_ll_ptr.o)
    0x08000434   0x08000434   0x00000188   Code   RO         3367    .text               c_w.l(__printf_flags_ss_wp.o)
    0x080005bc   0x080005bc   0x0000008a   Code   RO         3386    .text               c_w.l(rt_memcpy_v6.o)
    0x08000646   0x08000646   0x00000010   Code   RO         3388    .text               c_w.l(aeabi_memset.o)
    0x08000656   0x08000656   0x0000004e   Code   RO         3390    .text               c_w.l(rt_memclr_w.o)
    0x080006a4   0x080006a4   0x00000006   Code   RO         3392    .text               c_w.l(heapauxi.o)
    0x080006aa   0x080006aa   0x00000002   Code   RO         3432    .text               c_w.l(use_no_semi.o)
    0x080006ac   0x080006ac   0x000000b2   Code   RO         3439    .text               c_w.l(_printf_intcommon.o)
    0x0800075e   0x0800075e   0x00000002   PAD
    0x08000760   0x08000760   0x00000030   Code   RO         3443    .text               c_w.l(_printf_char_common.o)
    0x08000790   0x08000790   0x0000002c   Code   RO         3447    .text               c_w.l(_printf_char.o)
    0x080007bc   0x080007bc   0x00000024   Code   RO         3449    .text               c_w.l(_printf_char_file.o)
    0x080007e0   0x080007e0   0x00000064   Code   RO         3486    .text               c_w.l(rt_memcpy_w.o)
    0x08000844   0x08000844   0x00000044   Code   RO         3488    .text               c_w.l(rt_memclr.o)
    0x08000888   0x08000888   0x00000008   Code   RO         3530    .text               c_w.l(ferror.o)
    0x08000890   0x08000890   0x0000004a   Code   RO         3538    .text               c_w.l(sys_stackheap_outer.o)
    0x080008da   0x080008da   0x00000012   Code   RO         3577    .text               c_w.l(exit.o)
    0x080008ec   0x080008ec   0x00000008   Code   RO         3591    .text               c_w.l(libspace.o)
    0x080008f4   0x080008f4   0x00000002   Code   RO          197    i.BusFault_Handler  stm32f10x_it.o
    0x080008f6   0x080008f6   0x00000002   PAD
    0x080008f8   0x080008f8   0x00000014   Code   RO          309    i.ConfigureTimeForRunTimeStats  timer.o
    0x0800090c   0x0800090c   0x00000002   Code   RO          198    i.DebugMon_Handler  stm32f10x_it.o
    0x0800090e   0x0800090e   0x00000002   PAD
    0x08000910   0x08000910   0x00000020   Code   RO         2104    i.FSMC_NORSRAMCmd   stm32f10x_fsmc.o
    0x08000930   0x08000930   0x000000c8   Code   RO         2106    i.FSMC_NORSRAMInit  stm32f10x_fsmc.o
    0x080009f8   0x080009f8   0x0000009c   Code   RO         1048    i.GPIO_Init         stm32f10x_gpio.o
    0x08000a94   0x08000a94   0x00000058   Code   RO         1050    i.GPIO_PinRemapConfig  stm32f10x_gpio.o
    0x08000aec   0x08000aec   0x0000000e   Code   RO         1052    i.GPIO_ReadInputDataBit  stm32f10x_gpio.o
    0x08000afa   0x08000afa   0x00000004   Code   RO         1055    i.GPIO_ResetBits    stm32f10x_gpio.o
    0x08000afe   0x08000afe   0x00000004   Code   RO         1056    i.GPIO_SetBits      stm32f10x_gpio.o
    0x08000b02   0x08000b02   0x00000002   Code   RO          199    i.HardFault_Handler  stm32f10x_it.o
    0x08000b04   0x08000b04   0x0000006c   Code   RO          347    i.LCD_Clear         lcd.o
    0x08000b70   0x08000b70   0x00000134   Code   RO          351    i.LCD_Display_Dir   lcd.o
    0x08000ca4   0x08000ca4   0x0000011c   Code   RO          356    i.LCD_Fast_DrawPoint  lcd.o
    0x08000dc0   0x08000dc0   0x00002e18   Code   RO          358    i.LCD_Init          lcd.o
    0x08003bd8   0x08003bd8   0x00000010   Code   RO          359    i.LCD_Pow           lcd.o
    0x08003be8   0x08003be8   0x00000014   Code   RO          360    i.LCD_RD_DATA       lcd.o
    0x08003bfc   0x08003bfc   0x00000018   Code   RO          362    i.LCD_ReadReg       lcd.o
    0x08003c14   0x08003c14   0x0000003c   Code   RO          363    i.LCD_SSD_BackLightSet  lcd.o
    0x08003c50   0x08003c50   0x000001a8   Code   RO          364    i.LCD_Scan_Dir      lcd.o
    0x08003df8   0x08003df8   0x00000148   Code   RO          365    i.LCD_SetCursor     lcd.o
    0x08003f40   0x08003f40   0x000000cc   Code   RO          367    i.LCD_ShowChar      lcd.o
    0x0800400c   0x0800400c   0x00000054   Code   RO          369    i.LCD_ShowString    lcd.o
    0x08004060   0x08004060   0x00000086   Code   RO          370    i.LCD_ShowxNum      lcd.o
    0x080040e6   0x080040e6   0x00000002   PAD
    0x080040e8   0x080040e8   0x00000014   Code   RO          374    i.LCD_WriteRAM_Prepare  lcd.o
    0x080040fc   0x080040fc   0x00000010   Code   RO          375    i.LCD_WriteReg      lcd.o
    0x0800410c   0x0800410c   0x00000002   Code   RO          200    i.MemManage_Handler  stm32f10x_it.o
    0x0800410e   0x0800410e   0x00000002   Code   RO          201    i.NMI_Handler       stm32f10x_it.o
    0x08004110   0x08004110   0x00000064   Code   RO         1006    i.NVIC_Init         misc.o
    0x08004174   0x08004174   0x00000014   Code   RO         1007    i.NVIC_PriorityGroupConfig  misc.o
    0x08004188   0x08004188   0x00000018   Code   RO         1181    i.RCC_AHBPeriphClockCmd  stm32f10x_rcc.o
    0x080041a0   0x080041a0   0x00000018   Code   RO         1182    i.RCC_APB1PeriphClockCmd  stm32f10x_rcc.o
    0x080041b8   0x080041b8   0x00000018   Code   RO         1184    i.RCC_APB2PeriphClockCmd  stm32f10x_rcc.o
    0x080041d0   0x080041d0   0x00000094   Code   RO         1192    i.RCC_GetClocksFreq  stm32f10x_rcc.o
    0x08004264   0x08004264   0x000000a8   Code   RO          268    i.SetSysClockTo72   system_stm32f10x.o
    0x0800430c   0x0800430c   0x00000018   Code   RO         1010    i.SysTick_CLKSourceConfig  misc.o
    0x08004324   0x08004324   0x00000014   Code   RO          839    i.SysTick_Handler   delay.o
    0x08004338   0x08004338   0x00000050   Code   RO          270    i.SystemInit        system_stm32f10x.o
    0x08004388   0x08004388   0x00000034   Code   RO          310    i.TIM3_IRQHandler   timer.o
    0x080043bc   0x080043bc   0x0000005c   Code   RO          311    i.TIM3_Int_Init     timer.o
    0x08004418   0x08004418   0x000000c8   Code   RO          774    i.TIM3_PWM_Init     pwm.o
    0x080044e0   0x080044e0   0x0000008c   Code   RO          775    i.TIM4_PWM_Init     pwm.o
    0x0800456c   0x0800456c   0x00000006   Code   RO         1569    i.TIM_ClearITPendingBit  stm32f10x_tim.o
    0x08004572   0x08004572   0x00000014   Code   RO         1574    i.TIM_Cmd           stm32f10x_tim.o
    0x08004586   0x08004586   0x00000016   Code   RO         1576    i.TIM_CtrlPWMOutputs  stm32f10x_tim.o
    0x0800459c   0x0800459c   0x00000004   Code   RO         1593    i.TIM_GetCounter    stm32f10x_tim.o
    0x080045a0   0x080045a0   0x00000018   Code   RO         1595    i.TIM_GetITStatus   stm32f10x_tim.o
    0x080045b8   0x080045b8   0x00000010   Code   RO         1599    i.TIM_ITConfig      stm32f10x_tim.o
    0x080045c8   0x080045c8   0x00000080   Code   RO         1603    i.TIM_OC1Init       stm32f10x_tim.o
    0x08004648   0x08004648   0x0000000c   Code   RO         1606    i.TIM_OC1PreloadConfig  stm32f10x_tim.o
    0x08004654   0x08004654   0x00000080   Code   RO         1608    i.TIM_OC2Init       stm32f10x_tim.o
    0x080046d4   0x080046d4   0x00000014   Code   RO         1611    i.TIM_OC2PreloadConfig  stm32f10x_tim.o
    0x080046e8   0x080046e8   0x0000007c   Code   RO         1613    i.TIM_OC3Init       stm32f10x_tim.o
    0x08004764   0x08004764   0x0000000c   Code   RO         1616    i.TIM_OC3PreloadConfig  stm32f10x_tim.o
    0x08004770   0x08004770   0x00000064   Code   RO         1618    i.TIM_OC4Init       stm32f10x_tim.o
    0x080047d4   0x080047d4   0x00000014   Code   RO         1620    i.TIM_OC4PreloadConfig  stm32f10x_tim.o
    0x080047e8   0x080047e8   0x00000004   Code   RO         1635    i.TIM_SetCompare1   stm32f10x_tim.o
    0x080047ec   0x080047ec   0x00000004   Code   RO         1636    i.TIM_SetCompare2   stm32f10x_tim.o
    0x080047f0   0x080047f0   0x00000004   Code   RO         1637    i.TIM_SetCompare3   stm32f10x_tim.o
    0x080047f4   0x080047f4   0x00000006   Code   RO         1638    i.TIM_SetCompare4   stm32f10x_tim.o
    0x080047fa   0x080047fa   0x00000004   Code   RO         1639    i.TIM_SetCounter    stm32f10x_tim.o
    0x080047fe   0x080047fe   0x00000002   PAD
    0x08004800   0x08004800   0x0000009c   Code   RO         1645    i.TIM_TimeBaseInit  stm32f10x_tim.o
    0x0800489c   0x0800489c   0x00000064   Code   RO          906    i.USART1_IRQHandler  usart.o
    0x08004900   0x08004900   0x00000068   Code   RO          951    i.USART3_IRQHandler  usart3.o
    0x08004968   0x08004968   0x00000014   Code   RO         1384    i.USART_Cmd         stm32f10x_usart.o
    0x0800497c   0x0800497c   0x0000003e   Code   RO         1388    i.USART_GetITStatus  stm32f10x_usart.o
    0x080049ba   0x080049ba   0x00000030   Code   RO         1390    i.USART_ITConfig    stm32f10x_usart.o
    0x080049ea   0x080049ea   0x00000002   PAD
    0x080049ec   0x080049ec   0x000000ac   Code   RO         1391    i.USART_Init        stm32f10x_usart.o
    0x08004a98   0x08004a98   0x00000008   Code   RO         1398    i.USART_ReceiveData  stm32f10x_usart.o
    0x08004aa0   0x08004aa0   0x00000002   Code   RO          202    i.UsageFault_Handler  stm32f10x_it.o
    0x08004aa2   0x08004aa2   0x0000000e   Code   RO         3360    i._is_digit         c_w.l(__printf_wp.o)
    0x08004ab0   0x08004ab0   0x00000002   Code   RO          907    i._sys_exit         usart.o
    0x08004ab2   0x08004ab2   0x00000002   PAD
    0x08004ab4   0x08004ab4   0x00000048   Code   RO          680    i.car_go_func       car.o
    0x08004afc   0x08004afc   0x00000054   Code   RO          682    i.car_init          car.o
    0x08004b50   0x08004b50   0x0000001c   Code   RO          683    i.car_left_hand     car.o
    0x08004b6c   0x08004b6c   0x0000001c   Code   RO          684    i.car_right_hand    car.o
    0x08004b88   0x08004b88   0x00000040   Code   RO          686    i.car_stop_func     car.o
    0x08004bc8   0x08004bc8   0x00000020   Code   RO          687    i.car_stop_hand     car.o
    0x08004be8   0x08004be8   0x00000138   Code   RO          688    i.car_task          car.o
    0x08004d20   0x08004d20   0x00000048   Code   RO          840    i.delay_init        delay.o
    0x08004d68   0x08004d68   0x00000038   Code   RO          841    i.delay_ms          delay.o
    0x08004da0   0x08004da0   0x00000034   Code   RO          842    i.delay_us          delay.o
    0x08004dd4   0x08004dd4   0x00000050   Code   RO          797    i.dis_init          dis.o
    0x08004e24   0x08004e24   0x00000084   Code   RO          798    i.dis_task          dis.o
    0x08004ea8   0x08004ea8   0x00000080   Code   RO          799    i.disio_init        dis.o
    0x08004f28   0x08004f28   0x00000018   Code   RO          908    i.fputc             usart.o
    0x08004f40   0x08004f40   0x00000008   Code   RO          689    i.get_car_op        car.o
    0x08004f48   0x08004f48   0x00000088   Code   RO          800    i.get_dis           dis.o
    0x08004fd0   0x08004fd0   0x00000170   Code   RO          579    i.lcd_show_init     lcd_show.o
    0x08005140   0x08005140   0x0000004c   Code   RO            1    i.main              main.o
    0x0800518c   0x0800518c   0x00000070   Code   RO         2707    i.prvAddCurrentTaskToDelayedList  tasks.o
    0x080051fc   0x080051fc   0x000000d0   Code   RO         2708    i.prvAddNewTaskToReadyList  tasks.o
    0x080052cc   0x080052cc   0x00000050   Code   RO         3063    i.prvCheckForValidListAndQueue  timers.o
    0x0800531c   0x0800531c   0x00000054   Code   RO         2709    i.prvCheckTasksWaitingTermination  tasks.o
    0x08005370   0x08005370   0x00000026   Code   RO         2489    i.prvCopyDataFromQueue  queue.o
    0x08005396   0x08005396   0x0000006c   Code   RO         2490    i.prvCopyDataToQueue  queue.o
    0x08005402   0x08005402   0x00000014   Code   RO         2710    i.prvDeleteTCB      tasks.o
    0x08005416   0x08005416   0x00000002   PAD
    0x08005418   0x08005418   0x0000004c   Code   RO         3183    i.prvHeapInit       heap_4.o
    0x08005464   0x08005464   0x00000028   Code   RO         2711    i.prvIdleTask       tasks.o
    0x0800548c   0x0800548c   0x000000c0   Code   RO         2712    i.prvInitialiseNewTask  tasks.o
    0x0800554c   0x0800554c   0x0000004c   Code   RO         3184    i.prvInsertBlockIntoFreeList  heap_4.o
    0x08005598   0x08005598   0x00000038   Code   RO         3064    i.prvInsertTimerInActiveList  timers.o
    0x080055d0   0x080055d0   0x0000001a   Code   RO         2491    i.prvIsQueueEmpty   queue.o
    0x080055ea   0x080055ea   0x00000002   PAD
    0x080055ec   0x080055ec   0x00000090   Code   RO         2492    i.prvNotifyQueueSetContainer  queue.o
    0x0800567c   0x0800567c   0x00000060   Code   RO         3065    i.prvProcessExpiredTimer  timers.o
    0x080056dc   0x080056dc   0x000000f0   Code   RO         3066    i.prvProcessReceivedCommands  timers.o
    0x080057cc   0x080057cc   0x0000006c   Code   RO         3067    i.prvProcessTimerOrBlockTask  timers.o
    0x08005838   0x08005838   0x00000020   Code   RO         2714    i.prvResetNextTaskUnblockTime  tasks.o
    0x08005858   0x08005858   0x00000028   Code   RO         3068    i.prvSampleTimeNow  timers.o
    0x08005880   0x08005880   0x0000006c   Code   RO         3069    i.prvSwitchTimerLists  timers.o
    0x080058ec   0x080058ec   0x00000064   Code   RO         3233    i.prvTaskExitError  port.o
    0x08005950   0x08005950   0x00000028   Code   RO         3070    i.prvTimerTask      timers.o
    0x08005978   0x08005978   0x00000078   Code   RO         2493    i.prvUnlockQueue    queue.o
    0x080059f0   0x080059f0   0x00000114   Code   RO         3185    i.pvPortMalloc      heap_4.o
    0x08005b04   0x08005b04   0x00000018   Code   RO         2717    i.pvTaskIncrementMutexHeldCount  tasks.o
    0x08005b1c   0x08005b1c   0x00000024   Code   RO         3234    i.pxPortInitialiseStack  port.o
    0x08005b40   0x08005b40   0x00000018   Code   RO            2    i.start_task        main.o
    0x08005b58   0x08005b58   0x000000a4   Code   RO          909    i.uart_init         usart.o
    0x08005bfc   0x08005bfc   0x00000024   Code   RO         2452    i.uxListRemove      list.o
    0x08005c20   0x08005c20   0x00000016   Code   RO         2453    i.vListInitialise   list.o
    0x08005c36   0x08005c36   0x00000006   Code   RO         2454    i.vListInitialiseItem  list.o
    0x08005c3c   0x08005c3c   0x00000030   Code   RO         2455    i.vListInsert       list.o
    0x08005c6c   0x08005c6c   0x00000018   Code   RO         2456    i.vListInsertEnd    list.o
    0x08005c84   0x08005c84   0x00000078   Code   RO         3236    i.vPortEnterCritical  port.o
    0x08005cfc   0x08005cfc   0x00000064   Code   RO         3237    i.vPortExitCritical  port.o
    0x08005d60   0x08005d60   0x0000009c   Code   RO         3186    i.vPortFree         heap_4.o
    0x08005dfc   0x08005dfc   0x00000020   Code   RO         3238    i.vPortSetupTimerInterrupt  port.o
    0x08005e1c   0x08005e1c   0x0000008c   Code   RO         3239    i.vPortValidateInterruptPriority  port.o
    0x08005ea8   0x08005ea8   0x00000024   Code   RO         2499    i.vQueueAddToRegistry  queue.o
    0x08005ecc   0x08005ecc   0x00000044   Code   RO         2503    i.vQueueWaitForMessageRestricted  queue.o
    0x08005f10   0x08005f10   0x0000006c   Code   RO         2725    i.vTaskDelay        tasks.o
    0x08005f7c   0x08005f7c   0x0000000c   Code   RO         2732    i.vTaskMissedYield  tasks.o
    0x08005f88   0x08005f88   0x00000054   Code   RO         2734    i.vTaskPlaceOnEventList  tasks.o
    0x08005fdc   0x08005fdc   0x0000005c   Code   RO         2735    i.vTaskPlaceOnEventListRestricted  tasks.o
    0x08006038   0x08006038   0x00000084   Code   RO         2737    i.vTaskPriorityInherit  tasks.o
    0x080060bc   0x080060bc   0x00000048   Code   RO         2741    i.vTaskSetTimeOutState  tasks.o
    0x08006104   0x08006104   0x00000098   Code   RO         2742    i.vTaskStartScheduler  tasks.o
    0x0800619c   0x0800619c   0x00000010   Code   RO         2744    i.vTaskSuspendAll   tasks.o
    0x080061ac   0x080061ac   0x0000009c   Code   RO         2745    i.vTaskSwitchContext  tasks.o
    0x08006248   0x08006248   0x00000078   Code   RO         3240    i.xPortStartScheduler  port.o
    0x080062c0   0x080062c0   0x0000002c   Code   RO         3241    i.xPortSysTickHandler  port.o
    0x080062ec   0x080062ec   0x00000078   Code   RO         2508    i.xQueueGenericCreate  queue.o
    0x08006364   0x08006364   0x00000184   Code   RO         2509    i.xQueueGenericReceive  queue.o
    0x080064e8   0x080064e8   0x000000a8   Code   RO         2510    i.xQueueGenericReset  queue.o
    0x08006590   0x08006590   0x00000188   Code   RO         2511    i.xQueueGenericSend  queue.o
    0x08006718   0x08006718   0x000000e0   Code   RO         2512    i.xQueueGenericSendFromISR  queue.o
    0x080067f8   0x080067f8   0x00000088   Code   RO         2746    i.xTaskCheckForTimeOut  tasks.o
    0x08006880   0x08006880   0x00000056   Code   RO         2747    i.xTaskCreate       tasks.o
    0x080068d6   0x080068d6   0x00000002   PAD
    0x080068d8   0x080068d8   0x0000001c   Code   RO         2751    i.xTaskGetSchedulerState  tasks.o
    0x080068f4   0x080068f4   0x0000000c   Code   RO         2752    i.xTaskGetTickCount  tasks.o
    0x08006900   0x08006900   0x000000e8   Code   RO         2754    i.xTaskIncrementTick  tasks.o
    0x080069e8   0x080069e8   0x000000b4   Code   RO         2757    i.xTaskPriorityDisinherit  tasks.o
    0x08006a9c   0x08006a9c   0x00000098   Code   RO         2758    i.xTaskRemoveFromEventList  tasks.o
    0x08006b34   0x08006b34   0x000000e4   Code   RO         2760    i.xTaskResumeAll    tasks.o
    0x08006c18   0x08006c18   0x00000074   Code   RO         3073    i.xTimerCreate      timers.o
    0x08006c8c   0x08006c8c   0x00000074   Code   RO         3074    i.xTimerCreateTimerTask  timers.o
    0x08006d00   0x08006d00   0x00000090   Code   RO         3075    i.xTimerGenericCommand  timers.o
    0x08006d90   0x08006d90   0x000002b0   Code   RO         3397    x$fpl$ddiv          fz_ws.l(ddiv.o)
    0x08007040   0x08007040   0x0000005a   Code   RO         3400    x$fpl$dfixu         fz_ws.l(dfixu.o)
    0x0800709a   0x0800709a   0x00000026   Code   RO         3404    x$fpl$dfltu         fz_ws.l(dflt_clz.o)
    0x080070c0   0x080070c0   0x00000154   Code   RO         3410    x$fpl$dmul          fz_ws.l(dmul.o)
    0x08007214   0x08007214   0x0000009c   Code   RO         3490    x$fpl$dnaninf       fz_ws.l(dnaninf.o)
    0x080072b0   0x080072b0   0x0000000c   Code   RO         3492    x$fpl$dretinf       fz_ws.l(dretinf.o)
    0x080072bc   0x080072bc   0x00000000   Code   RO         3502    x$fpl$usenofp       fz_ws.l(usenofp.o)
    0x080072bc   0x080072bc   0x000017c0   Data   RO          378    .constdata          lcd.o
    0x08008a7c   0x08008a7c   0x00000028   Data   RO         3348    .constdata          c_w.l(_printf_hex_int_ll_ptr.o)
    0x08008aa4   0x08008aa4   0x00000011   Data   RO         3368    .constdata          c_w.l(__printf_flags_ss_wp.o)
    0x08008ab5   0x08008ab5   0x00000003   PAD
    0x08008ab8   0x08008ab8   0x00000020   Data   RO         3719    Region$$Table       anon$$obj.o


    Execution Region ER_RW (Exec base: 0x20000000, Load base: 0x08008ad8, Size: 0x000000e0, Max: 0xffffffff, ABSOLUTE)

    Exec Addr    Load Addr    Size         Type   Attr      Idx    E Section Name        Object

    0x20000000   0x08008ad8   0x00000004   Data   RW            3    .data               main.o
    0x20000004   0x08008adc   0x00000014   Data   RW          271    .data               system_stm32f10x.o
    0x20000018   0x08008af0   0x00000008   Data   RW          312    .data               timer.o
    0x20000020   0x08008af8   0x00000004   Data   RW          379    .data               lcd.o
    0x20000024   0x08008afc   0x00000018   Data   RW          690    .data               car.o
    0x2000003c   0x08008b14   0x00000004   Data   RW          801    .data               dis.o
    0x20000040   0x08008b18   0x00000004   Data   RW          844    .data               delay.o
    0x20000044   0x08008b1c   0x00000002   Data   RW          911    .data               usart.o
    0x20000046   0x08008b1e   0x00000002   PAD
    0x20000048   0x08008b20   0x00000004   Data   RW          912    .data               usart.o
    0x2000004c   0x08008b24   0x00000002   Data   RW          955    .data               usart3.o
    0x2000004e   0x08008b26   0x00000014   Data   RW         1212    .data               stm32f10x_rcc.o
    0x20000062   0x08008b3a   0x00000002   PAD
    0x20000064   0x08008b3c   0x00000044   Data   RW         2763    .data               tasks.o
    0x200000a8   0x08008b80   0x00000014   Data   RW         3083    .data               timers.o
    0x200000bc   0x08008b94   0x00000018   Data   RW         3191    .data               heap_4.o
    0x200000d4   0x08008bac   0x0000000c   Data   RW         3242    .data               port.o


    Execution Region ER_ZI (Exec base: 0x200000e0, Load base: 0x08008bb8, Size: 0x00005f38, Max: 0xffffffff, ABSOLUTE)

    Exec Addr    Load Addr    Size         Type   Attr      Idx    E Section Name        Object

    0x200000e0        -       0x0000000e   Zero   RW          377    .bss                lcd.o
    0x200000ee        -       0x000000c8   Zero   RW          910    .bss                usart.o
    0x200001b6        -       0x000004b0   Zero   RW          954    .bss                usart3.o
    0x20000666   0x08008bb8   0x00000002   PAD
    0x20000668        -       0x00000040   Zero   RW         2523    .bss                queue.o
    0x200006a8        -       0x000002e4   Zero   RW         2762    .bss                tasks.o
    0x2000098c        -       0x00000028   Zero   RW         3082    .bss                timers.o
    0x200009b4        -       0x00005000   Zero   RW         3190    .bss                heap_4.o
    0x200059b4        -       0x00000060   Zero   RW         3592    .bss                c_w.l(libspace.o)
    0x20005a14   0x08008bb8   0x00000004   PAD
    0x20005a18        -       0x00000200   Zero   RW         1000    HEAP                startup_stm32f10x_hd.o
    0x20005c18        -       0x00000400   Zero   RW          999    STACK               startup_stm32f10x_hd.o



  Load Region LR$$.ARM.__AT_0x68000000 (Base: 0x68000000, Size: 0x00000000, Max: 0x00000020, ABSOLUTE)

    Execution Region ER$$.ARM.__AT_0x68000000 (Exec base: 0x68000000, Load base: 0x68000000, Size: 0x00000020, Max: 0x00000020, ABSOLUTE, UNINIT)

    Exec Addr    Load Addr    Size         Type   Attr      Idx    E Section Name        Object

    0x68000000        -       0x00000020   Zero   RW         2276    .ARM.__AT_0x68000000  malloc.o



  Load Region LR$$.ARM.__AT_0x68000020 (Base: 0x68000020, Size: 0x00000000, Max: 0x00000004, ABSOLUTE)

    Execution Region ER$$.ARM.__AT_0x68000020 (Exec base: 0x68000020, Load base: 0x68000020, Size: 0x00000004, Max: 0x00000004, ABSOLUTE, UNINIT)

    Exec Addr    Load Addr    Size         Type   Attr      Idx    E Section Name        Object

    0x68000020        -       0x00000002   Zero   RW         2277    .ARM.__AT_0x68000020  malloc.o


==============================================================================

Image component sizes


      Code (inc. data)   RO Data    RW Data    ZI Data      Debug   Object Name

       628         74          0         24          0       5042   car.o
       200         20          0          4          0       2161   delay.o
       476         54          0          4          0       2921   dis.o
         0          0          0          0          0      10176   event_groups.o
       584        138          0         24      20480       3755   heap_4.o
     13830        164       6080          4         14      52992   lcd.o
       368        114          0          0          0        944   lcd_show.o
       136          0          0          0          0       2774   list.o
       100         20          0          4          0     274366   main.o
         0          0          0          0         34       1672   malloc.o
       144         16          0          0          0       1929   misc.o
       842        312          0         12          0       9601   port.o
       340         20          0          0          0       1444   pwm.o
      1832        236          0          0         64      12401   queue.o
        64         26        304          0       1536        764   startup_stm32f10x_hd.o
       232          6          0          0          0       1769   stm32f10x_fsmc.o
       266          6          0          0          0       4322   stm32f10x_gpio.o
        12          0          0          0          0       2225   stm32f10x_it.o
       220         34          0         20          0       4862   stm32f10x_rcc.o
       814         90          0          0          0      13064   stm32f10x_tim.o
       310          6          0          0          0       4946   stm32f10x_usart.o
         0          0          0          0          0         32   sys.o
       248         24          0         20          0       1569   system_stm32f10x.o
      2590        622          0         68        740      27133   tasks.o
       164         16          0          8          0       1744   timer.o
      1144        260          0         20         40       9070   timers.o
       290         28          0          6        200       4036   usart.o
       104         16          0          2       1200       1264   usart3.o

    ----------------------------------------------------------------------
     25958       2302       6416        224      24312     458978   Object Totals
         0          0         32          0          0          0   (incl. Generated)
        20          0          0          4          4          0   (incl. Padding)

    ----------------------------------------------------------------------

      Code (inc. data)   RO Data    RW Data    ZI Data      Debug   Library Member Name

        24          4          0          0          0         84   __2printf.o
         8          0          0          0          0         68   __main.o
       392          4         17          0          0         92   __printf_flags_ss_wp.o
        14          0          0          0          0         68   __printf_wp.o
         0          0          0          0          0          0   __rtentry.o
        12          0          0          0          0          0   __rtentry2.o
         6          0          0          0          0          0   __rtentry4.o
        52          8          0          0          0          0   __scatter.o
        26          0          0          0          0          0   __scatter_copy.o
        28          0          0          0          0          0   __scatter_zi.o
        44          0          0          0          0        108   _printf_char.o
        48          6          0          0          0         96   _printf_char_common.o
        36          4          0          0          0         80   _printf_char_file.o
         6          0          0          0          0          0   _printf_d.o
       120         16          0          0          0         92   _printf_dec.o
       148          4         40          0          0        160   _printf_hex_int_ll_ptr.o
       178          0          0          0          0         88   _printf_intcommon.o
         0          0          0          0          0          0   _printf_percent.o
         4          0          0          0          0          0   _printf_percent_end.o
         6          0          0          0          0          0   _printf_s.o
        82          0          0          0          0         80   _printf_str.o
         6          0          0          0          0          0   _printf_x.o
        16          0          0          0          0         68   aeabi_memset.o
        18          0          0          0          0         80   exit.o
         8          0          0          0          0         68   ferror.o
         6          0          0          0          0        152   heapauxi.o
         2          0          0          0          0          0   libinit.o
         2          0          0          0          0          0   libinit2.o
         2          0          0          0          0          0   libshutdown.o
         2          0          0          0          0          0   libshutdown2.o
         8          4          0          0         96         68   libspace.o
        68          0          0          0          0         68   rt_memclr.o
        78          0          0          0          0         80   rt_memclr_w.o
       138          0          0          0          0         68   rt_memcpy_v6.o
       100          0          0          0          0         80   rt_memcpy_w.o
         2          0          0          0          0          0   rtexit.o
        10          0          0          0          0          0   rtexit2.o
        74          0          0          0          0         80   sys_stackheap_outer.o
         2          0          0          0          0         68   use_no_semi.o
         2          0          0          0          0         68   use_no_semi_2.o
       688        140          0          0          0        208   ddiv.o
        90          4          0          0          0         92   dfixu.o
        38          0          0          0          0         68   dflt_clz.o
       340         12          0          0          0        104   dmul.o
       156          4          0          0          0         92   dnaninf.o
        12          0          0          0          0         68   dretinf.o
         0          0          0          0          0          0   usenofp.o

    ----------------------------------------------------------------------
      3110        210         60          0        100       2596   Library Totals
         8          0          3          0          4          0   (incl. Padding)

    ----------------------------------------------------------------------

      Code (inc. data)   RO Data    RW Data    ZI Data      Debug   Library Name

      1778         50         57          0         96       1964   c_w.l
      1324        160          0          0          0        632   fz_ws.l

    ----------------------------------------------------------------------
      3110        210         60          0        100       2596   Library Totals

    ----------------------------------------------------------------------

==============================================================================


      Code (inc. data)   RO Data    RW Data    ZI Data      Debug   

     29068       2512       6476        224      24412     452418   Grand Totals
     29068       2512       6476        224      24412     452418   ELF Image Totals
     29068       2512       6476        224          0          0   ROM Totals

==============================================================================

    Total RO  Size (Code + RO Data)                35544 (  34.71kB)
    Total RW  Size (RW Data + ZI Data)             24636 (  24.06kB)
    Total ROM Size (Code + RO Data + RW Data)      35768 (  34.93kB)

==============================================================================

